Archive member included to satisfy reference by file (symbol)

port/libWIZFI360_FILES.a(WiFi_WizFi360.c.obj)
                              examples/aws_mqtt_demo/CMakeFiles/aws_mqtt_demo.dir/socket_startup.c.obj (Driver_WiFi1)
port/libWIZFI360_FILES.a(WiFi_WizFi360_Os.c.obj)
                              port/libWIZFI360_FILES.a(WiFi_WizFi360.c.obj) (BufList_Mutex_Attr)
port/libWIZFI360_FILES.a(WizFi360.c.obj)
                              port/libWIZFI360_FILES.a(WiFi_WizFi360.c.obj) (AT_Parser_Initialize)
port/libWIZFI360_FILES.a(WizFi360_Serial.c.obj)
                              port/libWIZFI360_FILES.a(WizFi360.c.obj) (Serial_Initialize)
port/libWIZFI360_FILES.a(BufList.c.obj)
                              port/libWIZFI360_FILES.a(WiFi_WizFi360.c.obj) (BufInit)
port/libWIZFI360_FILES.a(LinkList.c.obj)
                              port/libWIZFI360_FILES.a(BufList.c.obj) (ListInit)
libraries/mbedtls/library/libmbedtls.a(ssl_msg.c.obj)
                              examples/aws_mqtt_demo/CMakeFiles/aws_mqtt_demo.dir/__/__/port/aws-iot-device-sdk-embedded-C/src/ssl_transport_interface.c.obj (mbedtls_ssl_read)
libraries/mbedtls/library/libmbedtls.a(ssl_tls.c.obj)
                              examples/aws_mqtt_demo/CMakeFiles/aws_mqtt_demo.dir/__/__/port/aws-iot-device-sdk-embedded-C/src/ssl_transport_interface.c.obj (mbedtls_ssl_init)
libraries/mbedtls/library/libmbedtls.a(ssl_ciphersuites.c.obj)
                              libraries/mbedtls/library/libmbedtls.a(ssl_tls.c.obj) (mbedtls_ssl_list_ciphersuites)
libraries/mbedtls/library/libmbedtls.a(ssl_cli.c.obj)
                              libraries/mbedtls/library/libmbedtls.a(ssl_tls.c.obj) (mbedtls_ssl_handshake_client_step)
libraries/mbedtls/library/libmbedx509.a(x509_crt.c.obj)
                              libraries/mbedtls/library/libmbedtls.a(ssl_tls.c.obj) (mbedtls_x509_crt_profile_default)
libraries/mbedtls/library/libmbedx509.a(x509.c.obj)
                              libraries/mbedtls/library/libmbedx509.a(x509_crt.c.obj) (mbedtls_x509_get_serial)
libraries/mbedtls/library/libmbedcrypto.a(asn1parse.c.obj)
                              libraries/mbedtls/library/libmbedx509.a(x509_crt.c.obj) (mbedtls_asn1_get_len)
libraries/mbedtls/library/libmbedcrypto.a(bignum.c.obj)
                              libraries/mbedtls/library/libmbedtls.a(ssl_tls.c.obj) (mbedtls_mpi_free)
libraries/mbedtls/library/libmbedcrypto.a(cipher.c.obj)
                              libraries/mbedtls/library/libmbedtls.a(ssl_tls.c.obj) (mbedtls_cipher_info_from_type)
libraries/mbedtls/library/libmbedcrypto.a(cipher_wrap.c.obj)
                              libraries/mbedtls/library/libmbedcrypto.a(cipher.c.obj) (mbedtls_cipher_definitions)
libraries/mbedtls/library/libmbedcrypto.a(ctr_drbg.c.obj)
                              examples/aws_mqtt_demo/CMakeFiles/aws_mqtt_demo.dir/__/__/port/aws-iot-device-sdk-embedded-C/src/ssl_transport_interface.c.obj (mbedtls_ctr_drbg_init)
libraries/mbedtls/library/libmbedcrypto.a(dhm.c.obj)
                              libraries/mbedtls/library/libmbedtls.a(ssl_tls.c.obj) (mbedtls_dhm_init)
libraries/mbedtls/library/libmbedcrypto.a(gcm.c.obj)
                              libraries/mbedtls/library/libmbedcrypto.a(cipher_wrap.c.obj) (mbedtls_gcm_init)
libraries/mbedtls/library/libmbedcrypto.a(md.c.obj)
                              libraries/mbedtls/library/libmbedtls.a(ssl_tls.c.obj) (mbedtls_md_info_from_type)
libraries/mbedtls/library/libmbedcrypto.a(md5.c.obj)
                              libraries/mbedtls/library/libmbedcrypto.a(md.c.obj) (mbedtls_md5_init)
libraries/mbedtls/library/libmbedcrypto.a(oid.c.obj)
                              libraries/mbedtls/library/libmbedx509.a(x509.c.obj) (mbedtls_oid_get_attr_short_name)
libraries/mbedtls/library/libmbedcrypto.a(pem.c.obj)
                              libraries/mbedtls/library/libmbedx509.a(x509_crt.c.obj) (mbedtls_pem_init)
libraries/mbedtls/library/libmbedcrypto.a(pk.c.obj)
                              libraries/mbedtls/library/libmbedx509.a(x509_crt.c.obj) (mbedtls_pk_get_bitlen)
libraries/mbedtls/library/libmbedcrypto.a(pk_wrap.c.obj)
                              libraries/mbedtls/library/libmbedcrypto.a(pk.c.obj) (mbedtls_rsa_info)
libraries/mbedtls/library/libmbedcrypto.a(pkparse.c.obj)
                              libraries/mbedtls/library/libmbedtls.a(ssl_tls.c.obj) (mbedtls_pk_parse_subpubkey)
libraries/mbedtls/library/libmbedcrypto.a(platform.c.obj)
                              libraries/mbedtls/library/libmbedtls.a(ssl_tls.c.obj) (mbedtls_calloc)
libraries/mbedtls/library/libmbedcrypto.a(platform_util.c.obj)
                              libraries/mbedtls/library/libmbedtls.a(ssl_msg.c.obj) (mbedtls_platform_zeroize)
libraries/mbedtls/library/libmbedcrypto.a(rsa.c.obj)
                              libraries/mbedtls/library/libmbedcrypto.a(pkparse.c.obj) (mbedtls_rsa_import)
libraries/mbedtls/library/libmbedcrypto.a(rsa_internal.c.obj)
[...]
Memory Configuration

Name             Origin             Length             Attributes
FLASH            0x10000000         0x00200000         xr
RAM              0x20000000         0x00040000         xrw
SCRATCH_X        0x20040000         0x00001000         xrw
SCRATCH_Y        0x20041000         0x00001000         xrw
*default*        0x00000000         0xffffffff

Linker script and memory map

LOAD c:/progra~2/gnuarm~1/102021~1.10/bin/../lib/gcc/arm-none-eabi/10.3.1/thumb/v6-m/nofp/crti.o
LOAD c:/progra~2/gnuarm~1/102021~1.10/bin/../lib/gcc/arm-none-eabi/10.3.1/thumb/v6-m/nofp/crtbegin.o
LOAD c:/progra~2/gnuarm~1/102021~1.10/bin/../lib/gcc/arm-none-eabi/10.3.1/../../../../arm-none-eabi/lib/thumb/v6-m/nofp/crt0.o

.flash_begin    0x10000000        0x0
                0x10000000                __flash_binary_start = .

.boot2          0x10000000      0x100
                0x10000000                __boot2_start__ = .
 *(.boot2)
 .boot2         0x10000000      0x100 C:\Users\tejus\AppData\Local\Temp\cca4IMRE.o
                0x10000100                __boot2_end__ = .
                0x00000001                ASSERT (((__boot2_end__ - __boot2_start__) == 0x100), ERROR: Pico second stage bootloader must be 256 bytes in size)

.text           0x10000100    0x347d8
                0x10000100                __logical_binary_start = .
 *(.vectors)
 .vectors       0x10000100       0xd4 examples/aws_mqtt_demo/CMakeFiles/aws_mqtt_demo.dir/__/__/libraries/pico-sdk/src/rp2_common/pico_standard_link/crt0.S.obj
                0x10000100                __vectors
                0x10000100                __VECTOR_TABLE
                0x100001c0                __default_isrs_start
                0x100001c0                isr_invalid
                0x100001c2                NMI_Handler
                0x100001c4                HardFault_Handler
                0x100001cc                IO_IRQ_BANK0_Handler
                0x100001cc                __unhandled_user_irq
                0x100001cc                PIO0_IRQ_0_Handler
                0x100001cc                USBCTRL_IRQ_Handler
                0x100001cc                SPI1_IRQ_Handler
                0x100001cc                isr_irq27
                0x100001cc                isr_irq31
                0x100001cc                PIO1_IRQ_1_Handler
                0x100001cc                DMA_IRQ_1_Handler
                0x100001cc                I2C1_IRQ_Handler
                0x100001cc                SPI0_IRQ_Handler
                0x100001cc                isr_irq28
                0x100001cc                UART0_IRQ_Handler
                0x100001cc                __default_isrs_end
                0x100001cc                PIO0_IRQ_1_Handler
                0x100001cc                I2C0_IRQ_Handler
                0x100001cc                SIO_IRQ_PROC1_Handler
                0x100001cc                TIMER_IRQ_0_Handler
                0x100001cc                isr_irq30
                0x100001cc                UART1_IRQ_Handler
                0x100001cc                TIMER_IRQ_3_Handler
                0x100001cc                DMA_IRQ_0_Handler
                0x100001cc                RTC_IRQ_Handler
                0x100001cc                TIMER_IRQ_2_Handler
                0x100001cc                CLOCKS_IRQ_Handler
                0x100001cc                PIO1_IRQ_0_Handler
                0x100001cc                ADC_IRQ_FIFO_Handler
                0x100001cc                IO_IRQ_QSPI_Handler
                0x100001cc                SIO_IRQ_PROC0_Handler
                0x100001cc                TIMER_IRQ_1_Handler
                0x100001cc                XIP_IRQ_Handler
                0x100001cc                isr_irq29
                0x100001cc                isr_irq26
                0x100001cc                PWM_IRQ_WRAP_Handler
                0x100001d2                unhandled_user_irq_num_in_r0
 *(.binary_info_header)
 .binary_info_header
                0x100001d4       0x14 examples/aws_mqtt_demo/CMakeFiles/aws_mqtt_demo.dir/__/__/libraries/pico-sdk/src/rp2_common/pico_standard_link/crt0.S.obj
                0x100001e8                __binary_info_header_end = .
 *(.reset)
 .reset         0x100001e8       0xa8 examples/aws_mqtt_demo/CMakeFiles/aws_mqtt_demo.dir/__/__/libraries/pico-sdk/src/rp2_common/pico_standard_link/crt0.S.obj
                0x100001e8                _entry_point
                0x10000266                __get_current_exception
 .reset         0x10000290       0x30 examples/aws_mqtt_demo/CMakeFiles/aws_mqtt_demo.dir/__/__/libraries/pico-sdk/src/rp2_common/pico_standard_link/binary_info.c.obj
 *(.init)
 .init          0x100002c0        0x4 c:/progra~2/gnuarm~1/102021~1.10/bin/../lib/gcc/arm-none-eabi/10.3.1/thumb/v6-m/nofp/crti.o
                0x100002c0                _init
 *(EXCLUDE_FILE(*libm.a: *libc.a:*lib_a-mem*.o *libgcc.a:) .text*)
 .text          0x100002c4       0x48 c:/progra~2/gnuarm~1/102021~1.10/bin/../lib/gcc/arm-none-eabi/10.3.1/thumb/v6-m/nofp/crtbegin.o
 .text.set_clock_khz
                0x1000030c       0x44 examples/aws_mqtt_demo/CMakeFiles/aws_mqtt_demo.dir/aws_mqtt_demo.c.obj
 .text.main     0x10000350       0x1c examples/aws_mqtt_demo/CMakeFiles/aws_mqtt_demo.dir/aws_mqtt_demo.c.obj
                0x10000350                main
 .text.app_main
                0x1000036c       0x1c examples/aws_mqtt_demo/CMakeFiles/aws_mqtt_demo.dir/app_main.c.obj
 .text.app_initialize
                0x10000388       0x18 examples/aws_mqtt_demo/CMakeFiles/aws_mqtt_demo.dir/app_main.c.obj
                0x10000388                app_initialize
 .text.socket_startup
                0x100003a0       0xa4 examples/aws_mqtt_demo/CMakeFiles/aws_mqtt_demo.dir/socket_startup.c.obj
                0x100003a0                socket_startup
 .text.test_condition_of_bulb
                0x10000444       0x44 examples/aws_mqtt_demo/CMakeFiles/aws_mqtt_demo.dir/iot_demo.c.obj
                0x10000444                test_condition_of_bulb
 .text.demo     0x10000488      0x1e0 examples/aws_mqtt_demo/CMakeFiles/aws_mqtt_demo.dir/iot_demo.c.obj
                0x10000488                demo
 .text.set_sys_clock_pll
                0x10000668       0x78 examples/aws_mqtt_demo/CMakeFiles/aws_mqtt_demo.dir/__/__/libraries/pico-sdk/src/rp2_common/pico_stdlib/stdlib.c.obj
                0x10000668                set_sys_clock_pll
 .text.check_sys_clock_khz
                0x100006e0       0xb0 examples/aws_mqtt_demo/CMakeFiles/aws_mqtt_demo.dir/__/__/libraries/pico-sdk/src/rp2_common/pico_stdlib/stdlib.c.obj
                0x100006e0                check_sys_clock_khz
 .text.gpio_set_function
                0x10000790       0x30 examples/aws_mqtt_demo/CMakeFiles/aws_mqtt_demo.dir/__/__/libraries/pico-sdk/src/rp2_common/hardware_gpio/gpio.c.obj
                0x10000790                gpio_set_function
 .text.gpio_set_pulls
                0x100007c0       0x34 examples/aws_mqtt_demo/CMakeFiles/aws_mqtt_demo.dir/__/__/libraries/pico-sdk/src/rp2_common/hardware_gpio/gpio.c.obj
                0x100007c0                gpio_set_pulls
 .text.gpio_set_input_enabled
                0x100007f4       0x30 examples/aws_mqtt_demo/CMakeFiles/aws_mqtt_demo.dir/__/__/libraries/pico-sdk/src/rp2_common/hardware_gpio/gpio.c.obj
                0x100007f4                gpio_set_input_enabled
 .text.hw_claim_lock
                0x10000824       0x18 examples/aws_mqtt_demo/CMakeFiles/aws_mqtt_demo.dir/__/__/libraries/pico-sdk/src/rp2_common/hardware_claim/claim.c.obj
                0x10000824                hw_claim_lock
 .text.hw_claim_unlock
                0x1000083c       0x14 examples/aws_mqtt_demo/CMakeFiles/aws_mqtt_demo.dir/__/__/libraries/pico-sdk/src/rp2_common/hardware_claim/claim.c.obj
                0x1000083c                hw_claim_unlock
 .text.hw_claim_or_assert
                0x10000850       0x32 examples/aws_mqtt_demo/CMakeFiles/aws_mqtt_demo.dir/__/__/libraries/pico-sdk/src/rp2_common/hardware_claim/claim.c.obj
                0x10000850                hw_claim_or_assert
 .text.hw_claim_unused_from_range
                0x10000882       0x50 examples/aws_mqtt_demo/CMakeFiles/aws_mqtt_demo.dir/__/__/libraries/pico-sdk/src/rp2_common/hardware_claim/claim.c.obj
                0x10000882                hw_claim_unused_from_range
 *fill*         0x100008d2        0x2 
 .text.running_on_fpga
                0x100008d4       0x14 examples/aws_mqtt_demo/CMakeFiles/aws_mqtt_demo.dir/__/__/libraries/pico-sdk/src/rp2_common/pico_platform/platform.c.obj
                0x100008d4                running_on_fpga
 .text.spin_locks_reset
                0x100008e8       0x20 examples/aws_mqtt_demo/CMakeFiles/aws_mqtt_demo.dir/__/__/libraries/pico-sdk/src/rp2_common/hardware_sync/sync.c.obj
                0x100008e8                spin_locks_reset
 .text.next_striped_spin_lock_num
                0x10000908       0x1c examples/aws_mqtt_demo/CMakeFiles/aws_mqtt_demo.dir/__/__/libraries/pico-sdk/src/rp2_common/hardware_sync/sync.c.obj
                0x10000908                next_striped_spin_lock_num
 .text.spin_lock_claim_unused
                0x10000924       0x20 examples/aws_mqtt_demo/CMakeFiles/aws_mqtt_demo.dir/__/__/libraries/pico-sdk/src/rp2_common/hardware_sync/sync.c.obj
                0x10000924                spin_lock_claim_unused
 .text.uart_deinit
                0x10000944       0x20 examples/aws_mqtt_demo/CMakeFiles/aws_mqtt_demo.dir/__/__/libraries/pico-sdk/src/rp2_common/hardware_uart/uart.c.obj
                0x10000944                uart_deinit
 .text.uart_set_baudrate
                0x10000964       0x5c examples/aws_mqtt_demo/CMakeFiles/aws_mqtt_demo.dir/__/__/libraries/pico-sdk/src/rp2_common/hardware_uart/uart.c.obj
                0x10000964                uart_set_baudrate
 .text.uart_set_translate_crlf
                0x100009c0       0x28 examples/aws_mqtt_demo/CMakeFiles/aws_mqtt_demo.dir/__/__/libraries/pico-sdk/src/rp2_common/hardware_uart/uart.c.obj
                0x100009c0                uart_set_translate_crlf
 .text.uart_init
                0x100009e8       0x80 examples/aws_mqtt_demo/CMakeFiles/aws_mqtt_demo.dir/__/__/libraries/pico-sdk/src/rp2_common/hardware_uart/uart.c.obj
                0x100009e8                uart_init
 .text.repeating_timer_callback
                0x10000a68       0x40 examples/aws_mqtt_demo/CMakeFiles/aws_mqtt_demo.dir/__/__/libraries/pico-sdk/src/common/pico_time/time.c.obj
 .text.alarm_pool_post_alloc_init
                0x10000aa8       0x40 examples/aws_mqtt_demo/CMakeFiles/aws_mqtt_demo.dir/__/__/libraries/pico-sdk/src/common/pico_time/time.c.obj
 .text.sleep_until_callback
                0x10000ae8       0x30 examples/aws_mqtt_demo/CMakeFiles/aws_mqtt_demo.dir/__/__/libraries/pico-sdk/src/common/pico_time/time.c.obj
 .text.timer_pool_entry_comparator
                0x10000b18       0x7c examples/aws_mqtt_demo/CMakeFiles/aws_mqtt_demo.dir/__/__/libraries/pico-sdk/src/common/pico_time/time.c.obj
                0x10000b18                timer_pool_entry_comparator
 .text.ph_add_child_node
                0x10000b94       0xa4 examples/aws_mqtt_demo/CMakeFiles/aws_mqtt_demo.dir/__/__/libraries/pico-sdk/src/common/pico_time/time.c.obj
 .text.ph_merge_nodes
                0x10000c38       0x3e examples/aws_mqtt_demo/CMakeFiles/aws_mqtt_demo.dir/__/__/libraries/pico-sdk/src/common/pico_time/time.c.obj
 *fill*         0x10000c76        0x2 
 .text.add_alarm_under_lock
                0x10000c78      0x174 examples/aws_mqtt_demo/CMakeFiles/aws_mqtt_demo.dir/__/__/libraries/pico-sdk/src/common/pico_time/time.c.obj
 .text.alarm_pool_alarm_callback
                0x10000dec      0x328 examples/aws_mqtt_demo/CMakeFiles/aws_mqtt_demo.dir/__/__/libraries/pico-sdk/src/common/pico_time/time.c.obj
 .text.alarm_pool_init_default
                0x10001114       0x38 examples/aws_mqtt_demo/CMakeFiles/aws_mqtt_demo.dir/__/__/libraries/pico-sdk/src/common/pico_time/time.c.obj
                0x10001114                alarm_pool_init_default
 .text.alarm_pool_get_default
                0x1000114c       0x2c examples/aws_mqtt_demo/CMakeFiles/aws_mqtt_demo.dir/__/__/libraries/pico-sdk/src/common/pico_time/time.c.obj
                0x1000114c                alarm_pool_get_default
 .text.alarm_pool_add_alarm_at
                0x10001178      0x170 examples/aws_mqtt_demo/CMakeFiles/aws_mqtt_demo.dir/__/__/libraries/pico-sdk/src/common/pico_time/time.c.obj
                0x10001178                alarm_pool_add_alarm_at
 .text.alarm_pool_cancel_alarm
                0x100012e8       0xf0 examples/aws_mqtt_demo/CMakeFiles/aws_mqtt_demo.dir/__/__/libraries/pico-sdk/src/common/pico_time/time.c.obj
                0x100012e8                alarm_pool_cancel_alarm
 .text.alarm_pool_add_repeating_timer_us
                0x100013d8       0x9c examples/aws_mqtt_demo/CMakeFiles/aws_mqtt_demo.dir/__/__/libraries/pico-sdk/src/common/pico_time/time.c.obj
                0x100013d8                alarm_pool_add_repeating_timer_us
 .text.best_effort_wfe_or_timeout
                0x10001474       0x80 examples/aws_mqtt_demo/CMakeFiles/aws_mqtt_demo.dir/__/__/libraries/pico-sdk/src/common/pico_time/time.c.obj
                0x10001474                best_effort_wfe_or_timeout
 .text.hardware_alarm_irq_handler
                0x100014f4       0x8c examples/aws_mqtt_demo/CMakeFiles/aws_mqtt_demo.dir/__/__/libraries/pico-sdk/src/rp2_common/hardware_timer/timer.c.obj
 .text.hardware_alarm_claim
                0x10001580       0x18 examples/aws_mqtt_demo/CMakeFiles/aws_mqtt_demo.dir/__/__/libraries/pico-sdk/src/rp2_common/hardware_timer/timer.c.obj
                0x10001580                hardware_alarm_claim
 .text.time_us_64
                0x10001598       0x18 examples/aws_mqtt_demo/CMakeFiles/aws_mqtt_demo.dir/__/__/libraries/pico-sdk/src/rp2_common/hardware_timer/timer.c.obj
                0x10001598                time_us_64
 .text.hardware_alarm_set_callback
                0x100015b0       0x90 examples/aws_mqtt_demo/CMakeFiles/aws_mqtt_demo.dir/__/__/libraries/pico-sdk/src/rp2_common/hardware_timer/timer.c.obj
                0x100015b0                hardware_alarm_set_callback
 .text.hardware_alarm_set_target
                0x10001640       0xe8 examples/aws_mqtt_demo/CMakeFiles/aws_mqtt_demo.dir/__/__/libraries/pico-sdk/src/rp2_common/hardware_timer/timer.c.obj
                0x10001640                hardware_alarm_set_target
 .text.hardware_alarm_cancel
                0x10001728       0x40 examples/aws_mqtt_demo/CMakeFiles/aws_mqtt_demo.dir/__/__/libraries/pico-sdk/src/rp2_common/hardware_timer/timer.c.obj
                0x10001728                hardware_alarm_cancel
 .text.lock_init
                0x10001768       0x10 examples/aws_mqtt_demo/CMakeFiles/aws_mqtt_demo.dir/__/__/libraries/pico-sdk/src/common/pico_sync/lock_core.c.obj
                0x10001768                lock_init
 .text.mutex_init
                0x10001778       0x1a examples/aws_mqtt_demo/CMakeFiles/aws_mqtt_demo.dir/__/__/libraries/pico-sdk/src/common/pico_sync/mutex.c.obj
                0x10001778                mutex_init
 .text.recursive_mutex_init
                0x10001792       0x1e examples/aws_mqtt_demo/CMakeFiles/aws_mqtt_demo.dir/__/__/libraries/pico-sdk/src/common/pico_sync/mutex.c.obj
                0x10001792                recursive_mutex_init
 .text.critical_section_init_with_lock_num
                0x100017b0       0x14 examples/aws_mqtt_demo/CMakeFiles/aws_mqtt_demo.dir/__/__/libraries/pico-sdk/src/common/pico_sync/critical_section.c.obj
                0x100017b0                critical_section_init_with_lock_num
 .text.critical_section_init
                0x100017c4       0x14 examples/aws_mqtt_demo/CMakeFiles/aws_mqtt_demo.dir/__/__/libraries/pico-sdk/src/common/pico_sync/critical_section.c.obj
                0x100017c4                critical_section_init
 .text.ph_add_child_node
                0x100017d8       0xa4 examples/aws_mqtt_demo/CMakeFiles/aws_mqtt_demo.dir/__/__/libraries/pico-sdk/src/common/pico_util/pheap.c.obj
 .text.ph_merge_nodes
                0x1000187c       0x3e examples/aws_mqtt_demo/CMakeFiles/aws_mqtt_demo.dir/__/__/libraries/pico-sdk/src/common/pico_util/pheap.c.obj
 *fill*         0x100018ba        0x2 
 .text.ph_clear
                0x100018bc       0x70 examples/aws_mqtt_demo/CMakeFiles/aws_mqtt_demo.dir/__/__/libraries/pico-sdk/src/common/pico_util/pheap.c.obj
                0x100018bc                ph_clear
 .text.ph_post_alloc_init
                0x1000192c        0xe examples/aws_mqtt_demo/CMakeFiles/aws_mqtt_demo.dir/__/__/libraries/pico-sdk/src/common/pico_util/pheap.c.obj
                0x1000192c                ph_post_alloc_init
 *fill*         0x1000193a        0x2 
 .text.ph_merge_two_pass
                0x1000193c       0xa8 examples/aws_mqtt_demo/CMakeFiles/aws_mqtt_demo.dir/__/__/libraries/pico-sdk/src/common/pico_util/pheap.c.obj
                0x1000193c                ph_merge_two_pass
 .text.ph_remove_any_head
                0x100019e4      0x108 examples/aws_mqtt_demo/CMakeFiles/aws_mqtt_demo.dir/__/__/libraries/pico-sdk/src/common/pico_util/pheap.c.obj
 .text.ph_remove_head
                0x10001aec       0x14 examples/aws_mqtt_demo/CMakeFiles/aws_mqtt_demo.dir/__/__/libraries/pico-sdk/src/common/pico_util/pheap.c.obj
                0x10001aec                ph_remove_head
 .text.ph_remove_and_free_node
                0x10001b00       0xf8 examples/aws_mqtt_demo/CMakeFiles/aws_mqtt_demo.dir/__/__/libraries/pico-sdk/src/common/pico_util/pheap.c.obj
                0x10001b00                ph_remove_and_free_node
 .text._exit    0x10001bf8        0x4 examples/aws_mqtt_demo/CMakeFiles/aws_mqtt_demo.dir/__/__/libraries/pico-sdk/src/rp2_common/pico_runtime/runtime.c.obj
                0x10001bf8                _exit
 .text._sbrk    0x10001bfc       0x38 examples/aws_mqtt_demo/CMakeFiles/aws_mqtt_demo.dir/__/__/libraries/pico-sdk/src/rp2_common/pico_runtime/runtime.c.obj
                0x10001bfc                _sbrk
 .text.exit     0x10001c34        0x6 examples/aws_mqtt_demo/CMakeFiles/aws_mqtt_demo.dir/__/__/libraries/pico-sdk/src/rp2_common/pico_runtime/runtime.c.obj
                0x10001c34                exit
 *fill*         0x10001c3a        0x2 
 .text.__assert_func
                0x10001c3c       0x3c examples/aws_mqtt_demo/CMakeFiles/aws_mqtt_demo.dir/__/__/libraries/pico-sdk/src/rp2_common/pico_runtime/runtime.c.obj
                0x10001c3c                __assert_func
 .text.runtime_init
                0x10001c78       0xf8 examples/aws_mqtt_demo/CMakeFiles/aws_mqtt_demo.dir/__/__/libraries/pico-sdk/src/rp2_common/pico_runtime/runtime.c.obj
                0x10001c78                runtime_init
 .text.panic    0x10001d70       0x30 examples/aws_mqtt_demo/CMakeFiles/aws_mqtt_demo.dir/__/__/libraries/pico-sdk/src/rp2_common/pico_runtime/runtime.c.obj
                0x10001d70                panic
 .text.clock_configure
                0x10001da0      0x104 examples/aws_mqtt_demo/CMakeFiles/aws_mqtt_demo.dir/__/__/libraries/pico-sdk/src/rp2_common/hardware_clocks/clocks.c.obj
                0x10001da0                clock_configure
 .text.clocks_init
                0x10001ea4      0x100 examples/aws_mqtt_demo/CMakeFiles/aws_mqtt_demo.dir/__/__/libraries/pico-sdk/src/rp2_common/hardware_clocks/clocks.c.obj
                0x10001ea4                clocks_init
 .text.clock_get_hz
                0x10001fa4        0xc examples/aws_mqtt_demo/CMakeFiles/aws_mqtt_demo.dir/__/__/libraries/pico-sdk/src/rp2_common/hardware_clocks/clocks.c.obj
                0x10001fa4                clock_get_hz
 .text.set_raw_irq_handler_and_unlock
                0x10001fb0       0x28 examples/aws_mqtt_demo/CMakeFiles/aws_mqtt_demo.dir/__/__/libraries/pico-sdk/src/rp2_common/hardware_irq/irq.c.obj
 .text.make_branch
                0x10001fd8       0x34 examples/aws_mqtt_demo/CMakeFiles/aws_mqtt_demo.dir/__/__/libraries/pico-sdk/src/rp2_common/hardware_irq/irq.c.obj
 .text.insert_branch_and_link
                0x1000200c       0x40 examples/aws_mqtt_demo/CMakeFiles/aws_mqtt_demo.dir/__/__/libraries/pico-sdk/src/rp2_common/hardware_irq/irq.c.obj
 .text.irq_is_enabled
                0x1000204c       0x18 examples/aws_mqtt_demo/CMakeFiles/aws_mqtt_demo.dir/__/__/libraries/pico-sdk/src/rp2_common/hardware_irq/irq.c.obj
                0x1000204c                irq_is_enabled
 .text.irq_set_mask_enabled
                0x10002064       0x20 examples/aws_mqtt_demo/CMakeFiles/aws_mqtt_demo.dir/__/__/libraries/pico-sdk/src/rp2_common/hardware_irq/irq.c.obj
                0x10002064                irq_set_mask_enabled
 .text.irq_set_enabled
                0x10002084        0xe examples/aws_mqtt_demo/CMakeFiles/aws_mqtt_demo.dir/__/__/libraries/pico-sdk/src/rp2_common/hardware_irq/irq.c.obj
                0x10002084                irq_set_enabled
 *fill*         0x10002092        0x2 
 .text.irq_set_pending
                0x10002094       0x10 examples/aws_mqtt_demo/CMakeFiles/aws_mqtt_demo.dir/__/__/libraries/pico-sdk/src/rp2_common/hardware_irq/irq.c.obj
                0x10002094                irq_set_pending
 .text.irq_get_vtable_handler
                0x100020a4       0x10 examples/aws_mqtt_demo/CMakeFiles/aws_mqtt_demo.dir/__/__/libraries/pico-sdk/src/rp2_common/hardware_irq/irq.c.obj
                0x100020a4                irq_get_vtable_handler
 .text.irq_set_exclusive_handler
                0x100020b4       0x54 examples/aws_mqtt_demo/CMakeFiles/aws_mqtt_demo.dir/__/__/libraries/pico-sdk/src/rp2_common/hardware_irq/irq.c.obj
                0x100020b4                irq_set_exclusive_handler
 .text.irq_remove_handler
                0x10002108      0x1ac examples/aws_mqtt_demo/CMakeFiles/aws_mqtt_demo.dir/__/__/libraries/pico-sdk/src/rp2_common/hardware_irq/irq.c.obj
                0x10002108                irq_remove_handler
 .text.irq_add_tail_to_free_list
                0x100022b4       0xf0 examples/aws_mqtt_demo/CMakeFiles/aws_mqtt_demo.dir/__/__/libraries/pico-sdk/src/rp2_common/hardware_irq/irq.c.obj
                0x100022b4                irq_add_tail_to_free_list
 .text.irq_init_priorities
                0x100023a4       0x1c examples/aws_mqtt_demo/CMakeFiles/aws_mqtt_demo.dir/__/__/libraries/pico-sdk/src/rp2_common/hardware_irq/irq.c.obj
                0x100023a4                irq_init_priorities
 .text.pll_init
                0x100023c0      0x118 examples/aws_mqtt_demo/CMakeFiles/aws_mqtt_demo.dir/__/__/libraries/pico-sdk/src/rp2_common/hardware_pll/pll.c.obj
                0x100023c0                pll_init
 .text.watchdog_start_tick
                0x100024d8       0x10 examples/aws_mqtt_demo/CMakeFiles/aws_mqtt_demo.dir/__/__/libraries/pico-sdk/src/rp2_common/hardware_watchdog/watchdog.c.obj
                0x100024d8                watchdog_start_tick
 .text.watchdog_update
                0x100024e8       0x14 examples/aws_mqtt_demo/CMakeFiles/aws_mqtt_demo.dir/__/__/libraries/pico-sdk/src/rp2_common/hardware_watchdog/watchdog.c.obj
                0x100024e8                watchdog_update
 .text._watchdog_enable
                0x100024fc       0x78 examples/aws_mqtt_demo/CMakeFiles/aws_mqtt_demo.dir/__/__/libraries/pico-sdk/src/rp2_common/hardware_watchdog/watchdog.c.obj
                0x100024fc                _watchdog_enable
 .text.watchdog_reboot
                0x10002574       0x48 examples/aws_mqtt_demo/CMakeFiles/aws_mqtt_demo.dir/__/__/libraries/pico-sdk/src/rp2_common/hardware_watchdog/watchdog.c.obj
                0x10002574                watchdog_reboot
 .text.xosc_init
                0x100025bc       0x28 examples/aws_mqtt_demo/CMakeFiles/aws_mqtt_demo.dir/__/__/libraries/pico-sdk/src/rp2_common/hardware_xosc/xosc.c.obj
                0x100025bc                xosc_init
 .text._out_buffer
                0x100025e4        0x8 examples/aws_mqtt_demo/CMakeFiles/aws_mqtt_demo.dir/__/__/libraries/pico-sdk/src/rp2_common/pico_printf/printf.c.obj
 .text._out_null
                0x100025ec        0x2 examples/aws_mqtt_demo/CMakeFiles/aws_mqtt_demo.dir/__/__/libraries/pico-sdk/src/rp2_common/pico_printf/printf.c.obj
 .text._out_fct
                0x100025ee        0xe examples/aws_mqtt_demo/CMakeFiles/aws_mqtt_demo.dir/__/__/libraries/pico-sdk/src/rp2_common/pico_printf/printf.c.obj
 .text._atoi    0x100025fc       0x24 examples/aws_mqtt_demo/CMakeFiles/aws_mqtt_demo.dir/__/__/libraries/pico-sdk/src/rp2_common/pico_printf/printf.c.obj
 .text._out_rev
                0x10002620       0xae examples/aws_mqtt_demo/CMakeFiles/aws_mqtt_demo.dir/__/__/libraries/pico-sdk/src/rp2_common/pico_printf/printf.c.obj
 .text._ntoa_format
                0x100026ce      0x112 examples/aws_mqtt_demo/CMakeFiles/aws_mqtt_demo.dir/__/__/libraries/pico-sdk/src/rp2_common/pico_printf/printf.c.obj
 .text._ntoa_long
                0x100027e0       0xbc examples/aws_mqtt_demo/CMakeFiles/aws_mqtt_demo.dir/__/__/libraries/pico-sdk/src/rp2_common/pico_printf/printf.c.obj
 .text._ntoa_long_long
                0x1000289c       0xe2 examples/aws_mqtt_demo/CMakeFiles/aws_mqtt_demo.dir/__/__/libraries/pico-sdk/src/rp2_common/pico_printf/printf.c.obj
 *fill*         0x1000297e        0x2 
 .text._etoa    0x10002980      0x414 examples/aws_mqtt_demo/CMakeFiles/aws_mqtt_demo.dir/__/__/libraries/pico-sdk/src/rp2_common/pico_printf/printf.c.obj
 .text._ftoa    0x10002d94      0x354 examples/aws_mqtt_demo/CMakeFiles/aws_mqtt_demo.dir/__/__/libraries/pico-sdk/src/rp2_common/pico_printf/printf.c.obj
 .text._vsnprintf
                0x100030e8      0x624 examples/aws_mqtt_demo/CMakeFiles/aws_mqtt_demo.dir/__/__/libraries/pico-sdk/src/rp2_common/pico_printf/printf.c.obj
 .text.__wrap_sprintf
                0x1000370c       0x28 examples/aws_mqtt_demo/CMakeFiles/aws_mqtt_demo.dir/__/__/libraries/pico-sdk/src/rp2_common/pico_printf/printf.c.obj
                0x1000370c                __wrap_sprintf
 .text.__wrap_snprintf
                0x10003734       0x28 examples/aws_mqtt_demo/CMakeFiles/aws_mqtt_demo.dir/__/__/libraries/pico-sdk/src/rp2_common/pico_printf/printf.c.obj
                0x10003734                __wrap_snprintf
 .text.vfctprintf
                0x1000375c       0x20 examples/aws_mqtt_demo/CMakeFiles/aws_mqtt_demo.dir/__/__/libraries/pico-sdk/src/rp2_common/pico_printf/printf.c.obj
                0x1000375c                vfctprintf
 .text          0x1000377c       0x10 examples/aws_mqtt_demo/CMakeFiles/aws_mqtt_demo.dir/__/__/libraries/pico-sdk/src/rp2_common/pico_bit_ops/bit_ops_aeabi.S.obj
 .text.rom_func_lookup
                0x1000378c       0x10 examples/aws_mqtt_demo/CMakeFiles/aws_mqtt_demo.dir/__/__/libraries/pico-sdk/src/rp2_common/pico_bootrom/bootrom.c.obj
                0x1000378c                rom_func_lookup
 .text.rom_data_lookup
                0x1000379c       0x10 examples/aws_mqtt_demo/CMakeFiles/aws_mqtt_demo.dir/__/__/libraries/pico-sdk/src/rp2_common/pico_bootrom/bootrom.c.obj
                0x1000379c                rom_data_lookup
 .text.rom_funcs_lookup
                0x100037ac       0x36 examples/aws_mqtt_demo/CMakeFiles/aws_mqtt_demo.dir/__/__/libraries/pico-sdk/src/rp2_common/pico_bootrom/bootrom.c.obj
                0x100037ac                rom_funcs_lookup
 *fill*         0x100037e2        0x2 
 .text.__wrap___aeabi_idiv
                0x100037e4       0x50 examples/aws_mqtt_demo/CMakeFiles/aws_mqtt_demo.dir/__/__/libraries/pico-sdk/src/rp2_common/pico_divider/divider.S.obj
                0x100037e4                __wrap___aeabi_idivmod
                0x100037e4                divmod_s32s32
                0x100037e4                div_s32s32
                0x100037e4                __wrap___aeabi_idiv
                0x100037ec                divmod_s32s32_unsafe
                0x10003818                divmod_s32s32_savestate
 .text.__wrap___aeabi_uidiv
                0x10003834       0x4c examples/aws_mqtt_demo/CMakeFiles/aws_mqtt_demo.dir/__/__/libraries/pico-sdk/src/rp2_common/pico_divider/divider.S.obj
                0x10003834                __wrap___aeabi_uidiv
                0x10003834                __wrap___aeabi_uidivmod
                0x10003834                div_u32u32
                0x10003834                divmod_u32u32
                0x1000383c                divmod_u32u32_unsafe
                0x10003864                divmod_u32u32_savestate
 .text.__wrap___aeabi_ldiv
                0x10003880      0x434 examples/aws_mqtt_demo/CMakeFiles/aws_mqtt_demo.dir/__/__/libraries/pico-sdk/src/rp2_common/pico_divider/divider.S.obj
                0x10003880                div_s64s64
                0x10003880                divmod_s64s64
                0x10003880                __wrap___aeabi_ldivmod
                0x100038b8                divmod_u64u64
                0x100038b8                div_u64u64
                0x100038b8                __wrap___aeabi_uldivmod
                0x100038c8                divmod_u64u64_savestate
                0x100038f0                divmod_s64s64_unsafe
                0x10003978                divmod_u64u64_unsafe
 .text.__wrap___aeabi_darithmetic
                0x10003cb4       0x80 examples/aws_mqtt_demo/CMakeFiles/aws_mqtt_demo.dir/__/__/libraries/pico-sdk/src/rp2_common/pico_double/double_aeabi.S.obj
                0x10003cb4                __wrap___aeabi_drsub
                0x10003cba                __wrap___aeabi_dsub
                0x10003ccc                __wrap___aeabi_dadd
                0x10003cde                __wrap___aeabi_ddiv
                0x10003d1a                __wrap___aeabi_dmul
 .text.__wrap___aeabi_cdcmple
                0x10003d34       0x6c examples/aws_mqtt_demo/CMakeFiles/aws_mqtt_demo.dir/__/__/libraries/pico-sdk/src/rp2_common/pico_double/double_aeabi.S.obj
                0x10003d34                __wrap___aeabi_cdrcmple
                0x10003d44                __wrap___aeabi_cdcmpeq
                0x10003d44                __wrap___aeabi_cdcmple
 .text.__wrap___aeabi_dcmplt
                0x10003da0        0xc examples/aws_mqtt_demo/CMakeFiles/aws_mqtt_demo.dir/__/__/libraries/pico-sdk/src/rp2_common/pico_double/double_aeabi.S.obj
                0x10003da0                __wrap___aeabi_dcmplt
 .text.__wrap___aeabi_dcmple
                0x10003dac       0x10 examples/aws_mqtt_demo/CMakeFiles/aws_mqtt_demo.dir/__/__/libraries/pico-sdk/src/rp2_common/pico_double/double_aeabi.S.obj
                0x10003dac                __wrap___aeabi_dcmple
 .text.__wrap___aeabi_dcmpge
                0x10003dbc       0x10 examples/aws_mqtt_demo/CMakeFiles/aws_mqtt_demo.dir/__/__/libraries/pico-sdk/src/rp2_common/pico_double/double_aeabi.S.obj
                0x10003dbc                __wrap___aeabi_dcmpge
 .text.__wrap___aeabi_dcmpgt
                0x10003dcc        0xa examples/aws_mqtt_demo/CMakeFiles/aws_mqtt_demo.dir/__/__/libraries/pico-sdk/src/rp2_common/pico_double/double_aeabi.S.obj
                0x10003dcc                __wrap___aeabi_dcmpgt
 .text.__wrap___aeabi_dcmpun
                0x10003dd6       0x1c examples/aws_mqtt_demo/CMakeFiles/aws_mqtt_demo.dir/__/__/libraries/pico-sdk/src/rp2_common/pico_double/double_aeabi.S.obj
                0x10003dd6                __wrap___aeabi_dcmpun
 *fill*         0x10003df2        0x2 
 .text.__wrap___aeabi_i2d
                0x10003df4       0x38 examples/aws_mqtt_demo/CMakeFiles/aws_mqtt_demo.dir/__/__/libraries/pico-sdk/src/rp2_common/pico_double/double_aeabi.S.obj
                0x10003df4                __wrap___aeabi_ui2d
                0x10003dfc                __wrap___aeabi_i2d
 .text.__wrap___aeabi_d2iz
                0x10003e2c       0x48 examples/aws_mqtt_demo/CMakeFiles/aws_mqtt_demo.dir/__/__/libraries/pico-sdk/src/rp2_common/pico_double/double_aeabi.S.obj
                0x10003e2c                double2int_z
                0x10003e2c                __wrap___aeabi_d2iz
 .text.__wrap___aeabi_d2uiz
                0x10003e74       0x18 examples/aws_mqtt_demo/CMakeFiles/aws_mqtt_demo.dir/__/__/libraries/pico-sdk/src/rp2_common/pico_double/double_aeabi.S.obj
                0x10003e74                __wrap___aeabi_d2uiz
                0x10003e74                double2uint
 .text.__aeabi_double_init
                0x10003e8c       0xc8 examples/aws_mqtt_demo/CMakeFiles/aws_mqtt_demo.dir/__/__/libraries/pico-sdk/src/rp2_common/pico_double/double_init_rom.c.obj
                0x10003e8c                __aeabi_double_init
 .text.double_table_shim_on_use_helper
                0x10003f54       0x34 examples/aws_mqtt_demo/CMakeFiles/aws_mqtt_demo.dir/__/__/libraries/pico-sdk/src/rp2_common/pico_double/double_v1_rom_shim.S.obj
                0x10003f54                double_table_shim_on_use_helper
 .text.__wrap___aeabi_dsub
                0x10003f88       0x10 examples/aws_mqtt_demo/CMakeFiles/aws_mqtt_demo.dir/__/__/libraries/pico-sdk/src/rp2_common/pico_double/double_v1_rom_shim.S.obj
                0x10003f88                drsub_shim
                0x10003f8e                dsub_shim
 .text.dadd_shim
                0x10003f98      0x15c examples/aws_mqtt_demo/CMakeFiles/aws_mqtt_demo.dir/__/__/libraries/pico-sdk/src/rp2_common/pico_double/double_v1_rom_shim.S.obj
                0x10003f98                dadd_shim
 .text.dmul_shim
                0x100040f4      0x15c examples/aws_mqtt_demo/CMakeFiles/aws_mqtt_demo.dir/__/__/libraries/pico-sdk/src/rp2_common/pico_double/double_v1_rom_shim.S.obj
                0x100040f4                dmul_shim
 .text.ddiv_shim
                0x10004250      0x1b0 examples/aws_mqtt_demo/CMakeFiles/aws_mqtt_demo.dir/__/__/libraries/pico-sdk/src/rp2_common/pico_double/double_v1_rom_shim.S.obj
                0x10004250                ddiv_shim
 .text.double2uint_shim
                0x10004400        0xe examples/aws_mqtt_demo/CMakeFiles/aws_mqtt_demo.dir/__/__/libraries/pico-sdk/src/rp2_common/pico_double/double_v1_rom_shim.S.obj
                0x10004400                double2uint_shim
                0x10004402                double2ufix_shim
 *fill*         0x1000440e        0x2 
 .text.double2uint64_shim
                0x10004410       0x70 examples/aws_mqtt_demo/CMakeFiles/aws_mqtt_demo.dir/__/__/libraries/pico-sdk/src/rp2_common/pico_double/double_v1_rom_shim.S.obj
                0x10004410                double2uint64_shim
                0x10004412                double2ufix64_shim
                0x10004432                d2fix_a
 .text.dunpacks
                0x10004480       0x3c examples/aws_mqtt_demo/CMakeFiles/aws_mqtt_demo.dir/__/__/libraries/pico-sdk/src/rp2_common/pico_double/double_v1_rom_shim.S.obj
                0x10004480                dunpacks
 .text.__aeabi_lmul
                0x100044bc       0x32 examples/aws_mqtt_demo/CMakeFiles/aws_mqtt_demo.dir/__/__/libraries/pico-sdk/src/rp2_common/pico_int64_ops/pico_int64_ops_aeabi.S.obj
                0x100044bc                __wrap___aeabi_lmul
 *fill*         0x100044ee        0x2 
 .text.__wrap___aeabi_farithmetic
                0x100044f0       0x58 examples/aws_mqtt_demo/CMakeFiles/aws_mqtt_demo.dir/__/__/libraries/pico-sdk/src/rp2_common/pico_float/float_aeabi.S.obj
                0x100044f0                __wrap___aeabi_frsub
                0x100044f6                __wrap___aeabi_fsub
                0x10004500                __wrap___aeabi_fadd
                0x1000450a                __wrap___aeabi_fdiv
                0x10004536                __wrap___aeabi_fmul
 .text.__wrap___aeabi_i2f
                0x10004548       0x44 examples/aws_mqtt_demo/CMakeFiles/aws_mqtt_demo.dir/__/__/libraries/pico-sdk/src/rp2_common/pico_float/float_aeabi.S.obj
                0x10004548                __wrap___aeabi_i2f
 .text.__wrap___aeabi_f2d
                0x1000458c       0x14 examples/aws_mqtt_demo/CMakeFiles/aws_mqtt_demo.dir/__/__/libraries/pico-sdk/src/rp2_common/pico_float/float_aeabi.S.obj
                0x1000458c                __wrap___aeabi_f2d
 .text.__aeabi_float_init
                0x100045a0       0xfc examples/aws_mqtt_demo/CMakeFiles/aws_mqtt_demo.dir/__/__/libraries/pico-sdk/src/rp2_common/pico_float/float_init_rom.c.obj
                0x100045a0                __aeabi_float_init
 .text.float_table_shim_on_use_helper
                0x1000469c       0x34 examples/aws_mqtt_demo/CMakeFiles/aws_mqtt_demo.dir/__/__/libraries/pico-sdk/src/rp2_common/pico_float/float_v1_rom_shim.S.obj
                0x1000469c                float_table_shim_on_use_helper
 .text.float2double_shim
                0x100046d0       0x30 examples/aws_mqtt_demo/CMakeFiles/aws_mqtt_demo.dir/__/__/libraries/pico-sdk/src/rp2_common/pico_float/float_v1_rom_shim.S.obj
                0x100046d0                float2double_shim
 .text.__wrap_calloc
                0x10004700       0x24 examples/aws_mqtt_demo/CMakeFiles/aws_mqtt_demo.dir/__/__/libraries/pico-sdk/src/rp2_common/pico_malloc/pico_malloc.c.obj
                0x10004700                __wrap_calloc
 .text.__wrap_free
                0x10004724        0x8 examples/aws_mqtt_demo/CMakeFiles/aws_mqtt_demo.dir/__/__/libraries/pico-sdk/src/rp2_common/pico_malloc/pico_malloc.c.obj
                0x10004724                __wrap_free
 .text          0x1000472c       0x10 examples/aws_mqtt_demo/CMakeFiles/aws_mqtt_demo.dir/__/__/libraries/pico-sdk/src/rp2_common/pico_mem_ops/mem_ops_aeabi.S.obj
                0x1000472c                __aeabi_mem_init
 .text.memset   0x1000473c        0xc examples/aws_mqtt_demo/CMakeFiles/aws_mqtt_demo.dir/__/__/libraries/pico-sdk/src/rp2_common/pico_mem_ops/mem_ops_aeabi.S.obj
                0x1000473c                __wrap_memset
 .text.memcpy   0x10004748        0xc examples/aws_mqtt_demo/CMakeFiles/aws_mqtt_demo.dir/__/__/libraries/pico-sdk/src/rp2_common/pico_mem_ops/mem_ops_aeabi.S.obj
                0x10004748                __wrap_memcpy
                0x10004748                __wrap___aeabi_memcpy
 .text.stdio_out_chars_no_crlf
                0x10004754        0xe examples/aws_mqtt_demo/CMakeFiles/aws_mqtt_demo.dir/__/__/libraries/pico-sdk/src/rp2_common/pico_stdio/stdio.c.obj
 *fill*         0x10004762        0x2 
 .text.stdio_out_chars_crlf
                0x10004764       0x80 examples/aws_mqtt_demo/CMakeFiles/aws_mqtt_demo.dir/__/__/libraries/pico-sdk/src/rp2_common/pico_stdio/stdio.c.obj
 .text.stdio_stack_buffer_flush
                0x100047e4       0x44 examples/aws_mqtt_demo/CMakeFiles/aws_mqtt_demo.dir/__/__/libraries/pico-sdk/src/rp2_common/pico_stdio/stdio.c.obj
 .text.stdio_buffered_printer
                0x10004828       0x20 examples/aws_mqtt_demo/CMakeFiles/aws_mqtt_demo.dir/__/__/libraries/pico-sdk/src/rp2_common/pico_stdio/stdio.c.obj
 .text.stdout_serialize_begin
                0x10004848       0x30 examples/aws_mqtt_demo/CMakeFiles/aws_mqtt_demo.dir/__/__/libraries/pico-sdk/src/rp2_common/pico_stdio/stdio.c.obj
                0x10004848                stdout_serialize_begin
 .text.stdout_serialize_end
                0x10004878       0x10 examples/aws_mqtt_demo/CMakeFiles/aws_mqtt_demo.dir/__/__/libraries/pico-sdk/src/rp2_common/pico_stdio/stdio.c.obj
                0x10004878                stdout_serialize_end
 .text.stdio_put_string
                0x10004888       0x98 examples/aws_mqtt_demo/CMakeFiles/aws_mqtt_demo.dir/__/__/libraries/pico-sdk/src/rp2_common/pico_stdio/stdio.c.obj
 .text.stdio_set_driver_enabled
                0x10004920       0x38 examples/aws_mqtt_demo/CMakeFiles/aws_mqtt_demo.dir/__/__/libraries/pico-sdk/src/rp2_common/pico_stdio/stdio.c.obj
                0x10004920                stdio_set_driver_enabled
 .text.stdio_flush
                0x10004958       0x20 examples/aws_mqtt_demo/CMakeFiles/aws_mqtt_demo.dir/__/__/libraries/pico-sdk/src/rp2_common/pico_stdio/stdio.c.obj
                0x10004958                stdio_flush
 .text.__wrap_puts
                0x10004978       0x1e examples/aws_mqtt_demo/CMakeFiles/aws_mqtt_demo.dir/__/__/libraries/pico-sdk/src/rp2_common/pico_stdio/stdio.c.obj
                0x10004978                __wrap_puts
 *fill*         0x10004996        0x2 
 .text.__wrap_vprintf
                0x10004998       0x44 examples/aws_mqtt_demo/CMakeFiles/aws_mqtt_demo.dir/__/__/libraries/pico-sdk/src/rp2_common/pico_stdio/stdio.c.obj
                0x10004998                __wrap_vprintf
 .text.__wrap_printf
                0x100049dc       0x18 examples/aws_mqtt_demo/CMakeFiles/aws_mqtt_demo.dir/__/__/libraries/pico-sdk/src/rp2_common/pico_stdio/stdio.c.obj
                0x100049dc                __wrap_printf
 .text.stdio_init_all
                0x100049f4        0x8 examples/aws_mqtt_demo/CMakeFiles/aws_mqtt_demo.dir/__/__/libraries/pico-sdk/src/rp2_common/pico_stdio/stdio.c.obj
                0x100049f4                stdio_init_all
 .text.resetd_init
                0x100049fc        0x2 examples/aws_mqtt_demo/CMakeFiles/aws_mqtt_demo.dir/__/__/libraries/pico-sdk/src/rp2_common/pico_stdio_usb/reset_interface.c.obj
 *fill*         0x100049fe        0x2 
 .text.resetd_reset
                0x10004a00        0xc examples/aws_mqtt_demo/CMakeFiles/aws_mqtt_demo.dir/__/__/libraries/pico-sdk/src/rp2_common/pico_stdio_usb/reset_interface.c.obj
 .text.resetd_open
                0x10004a0c       0x34 examples/aws_mqtt_demo/CMakeFiles/aws_mqtt_demo.dir/__/__/libraries/pico-sdk/src/rp2_common/pico_stdio_usb/reset_interface.c.obj
 .text.resetd_xfer_cb
                0x10004a40        0x4 examples/aws_mqtt_demo/CMakeFiles/aws_mqtt_demo.dir/__/__/libraries/pico-sdk/src/rp2_common/pico_stdio_usb/reset_interface.c.obj
 .text.reset_usb_boot
                0x10004a44       0x18 examples/aws_mqtt_demo/CMakeFiles/aws_mqtt_demo.dir/__/__/libraries/pico-sdk/src/rp2_common/pico_stdio_usb/reset_interface.c.obj
 .text.resetd_control_xfer_cb
                0x10004a5c       0x5c examples/aws_mqtt_demo/CMakeFiles/aws_mqtt_demo.dir/__/__/libraries/pico-sdk/src/rp2_common/pico_stdio_usb/reset_interface.c.obj
 .text.usbd_app_driver_get_cb
                0x10004ab8        0xc examples/aws_mqtt_demo/CMakeFiles/aws_mqtt_demo.dir/__/__/libraries/pico-sdk/src/rp2_common/pico_stdio_usb/reset_interface.c.obj
                0x10004ab8                usbd_app_driver_get_cb
 .text.tud_cdc_line_coding_cb
                0x10004ac4       0x28 examples/aws_mqtt_demo/CMakeFiles/aws_mqtt_demo.dir/__/__/libraries/pico-sdk/src/rp2_common/pico_stdio_usb/reset_interface.c.obj
                0x10004ac4                tud_cdc_line_coding_cb
 .text.stdio_usb_in_chars
                0x10004aec       0x70 examples/aws_mqtt_demo/CMakeFiles/aws_mqtt_demo.dir/__/__/libraries/pico-sdk/src/rp2_common/pico_stdio_usb/stdio_usb.c.obj
                0x10004aec                stdio_usb_in_chars
 .text.low_priority_worker_irq
                0x10004b5c       0x20 examples/aws_mqtt_demo/CMakeFiles/aws_mqtt_demo.dir/__/__/libraries/pico-sdk/src/rp2_common/pico_stdio_usb/stdio_usb.c.obj
 .text.stdio_usb_out_chars
                0x10004b7c       0xd4 examples/aws_mqtt_demo/CMakeFiles/aws_mqtt_demo.dir/__/__/libraries/pico-sdk/src/rp2_common/pico_stdio_usb/stdio_usb.c.obj
 .text.timer_task
                0x10004c50       0x10 examples/aws_mqtt_demo/CMakeFiles/aws_mqtt_demo.dir/__/__/libraries/pico-sdk/src/rp2_common/pico_stdio_usb/stdio_usb.c.obj
 .text.stdio_usb_init
                0x10004c60       0xb8 examples/aws_mqtt_demo/CMakeFiles/aws_mqtt_demo.dir/__/__/libraries/pico-sdk/src/rp2_common/pico_stdio_usb/stdio_usb.c.obj
                0x10004c60                stdio_usb_init
 .text.tud_descriptor_device_cb
                0x10004d18        0x8 examples/aws_mqtt_demo/CMakeFiles/aws_mqtt_demo.dir/__/__/libraries/pico-sdk/src/rp2_common/pico_stdio_usb/stdio_usb_descriptors.c.obj
                0x10004d18                tud_descriptor_device_cb
 .text.tud_descriptor_configuration_cb
                0x10004d20        0x8 examples/aws_mqtt_demo/CMakeFiles/aws_mqtt_demo.dir/__/__/libraries/pico-sdk/src/rp2_common/pico_stdio_usb/stdio_usb_descriptors.c.obj
                0x10004d20                tud_descriptor_configuration_cb
 .text.tud_descriptor_string_cb
                0x10004d28       0x6c examples/aws_mqtt_demo/CMakeFiles/aws_mqtt_demo.dir/__/__/libraries/pico-sdk/src/rp2_common/pico_stdio_usb/stdio_usb_descriptors.c.obj
                0x10004d28                tud_descriptor_string_cb
 .text.hw_endpoint_get_by_addr
                0x10004d94       0x18 examples/aws_mqtt_demo/CMakeFiles/aws_mqtt_demo.dir/__/__/libraries/pico-sdk/lib/tinyusb/src/portable/raspberrypi/rp2040/dcd_rp2040.c.obj
 .text.reset_ep0_pid
                0x10004dac       0x28 examples/aws_mqtt_demo/CMakeFiles/aws_mqtt_demo.dir/__/__/libraries/pico-sdk/lib/tinyusb/src/portable/raspberrypi/rp2040/dcd_rp2040.c.obj
 .text._hw_endpoint_alloc
                0x10004dd4       0x70 examples/aws_mqtt_demo/CMakeFiles/aws_mqtt_demo.dir/__/__/libraries/pico-sdk/lib/tinyusb/src/portable/raspberrypi/rp2040/dcd_rp2040.c.obj
 .text.hw_endpoint_init
                0x10004e44       0x88 examples/aws_mqtt_demo/CMakeFiles/aws_mqtt_demo.dir/__/__/libraries/pico-sdk/lib/tinyusb/src/portable/raspberrypi/rp2040/dcd_rp2040.c.obj
 .text.reset_non_control_endpoints
                0x10004ecc       0x40 examples/aws_mqtt_demo/CMakeFiles/aws_mqtt_demo.dir/__/__/libraries/pico-sdk/lib/tinyusb/src/portable/raspberrypi/rp2040/dcd_rp2040.c.obj
 .text.hw_handle_buff_status
                0x10004f0c       0x8c examples/aws_mqtt_demo/CMakeFiles/aws_mqtt_demo.dir/__/__/libraries/pico-sdk/lib/tinyusb/src/portable/raspberrypi/rp2040/dcd_rp2040.c.obj
 .text.dcd_rp2040_irq
                0x10004f98       0xc0 examples/aws_mqtt_demo/CMakeFiles/aws_mqtt_demo.dir/__/__/libraries/pico-sdk/lib/tinyusb/src/portable/raspberrypi/rp2040/dcd_rp2040.c.obj
 .text.hw_endpoint_xfer
                0x10005058       0x14 examples/aws_mqtt_demo/CMakeFiles/aws_mqtt_demo.dir/__/__/libraries/pico-sdk/lib/tinyusb/src/portable/raspberrypi/rp2040/dcd_rp2040.c.obj
 .text.dcd_int_enable
                0x1000506c       0x2c examples/aws_mqtt_demo/CMakeFiles/aws_mqtt_demo.dir/__/__/libraries/pico-sdk/lib/tinyusb/src/portable/raspberrypi/rp2040/dcd_rp2040.c.obj
                0x1000506c                dcd_int_enable
 .text.dcd_set_address
                0x10005098       0x2c examples/aws_mqtt_demo/CMakeFiles/aws_mqtt_demo.dir/__/__/libraries/pico-sdk/lib/tinyusb/src/portable/raspberrypi/rp2040/dcd_rp2040.c.obj
                0x10005098                dcd_set_address
 .text.dcd_connect
                0x100050c4       0x10 examples/aws_mqtt_demo/CMakeFiles/aws_mqtt_demo.dir/__/__/libraries/pico-sdk/lib/tinyusb/src/portable/raspberrypi/rp2040/dcd_rp2040.c.obj
                0x100050c4                dcd_connect
 .text.dcd_init
                0x100050d4       0x7c examples/aws_mqtt_demo/CMakeFiles/aws_mqtt_demo.dir/__/__/libraries/pico-sdk/lib/tinyusb/src/portable/raspberrypi/rp2040/dcd_rp2040.c.obj
                0x100050d4                dcd_init
 .text.dcd_edpt0_status_complete
                0x10005150       0x1c examples/aws_mqtt_demo/CMakeFiles/aws_mqtt_demo.dir/__/__/libraries/pico-sdk/lib/tinyusb/src/portable/raspberrypi/rp2040/dcd_rp2040.c.obj
                0x10005150                dcd_edpt0_status_complete
 .text.dcd_edpt_open
                0x1000516c       0x40 examples/aws_mqtt_demo/CMakeFiles/aws_mqtt_demo.dir/__/__/libraries/pico-sdk/lib/tinyusb/src/portable/raspberrypi/rp2040/dcd_rp2040.c.obj
                0x1000516c                dcd_edpt_open
 .text.dcd_edpt_close_all
                0x100051ac        0x8 examples/aws_mqtt_demo/CMakeFiles/aws_mqtt_demo.dir/__/__/libraries/pico-sdk/lib/tinyusb/src/portable/raspberrypi/rp2040/dcd_rp2040.c.obj
                0x100051ac                dcd_edpt_close_all
 .text.dcd_edpt_xfer
                0x100051b4       0x30 examples/aws_mqtt_demo/CMakeFiles/aws_mqtt_demo.dir/__/__/libraries/pico-sdk/lib/tinyusb/src/portable/raspberrypi/rp2040/dcd_rp2040.c.obj
                0x100051b4                dcd_edpt_xfer
 .text.dcd_edpt_stall
                0x100051e4       0x2c examples/aws_mqtt_demo/CMakeFiles/aws_mqtt_demo.dir/__/__/libraries/pico-sdk/lib/tinyusb/src/portable/raspberrypi/rp2040/dcd_rp2040.c.obj
                0x100051e4                dcd_edpt_stall
 .text.dcd_edpt_clear_stall
                0x10005210       0x20 examples/aws_mqtt_demo/CMakeFiles/aws_mqtt_demo.dir/__/__/libraries/pico-sdk/lib/tinyusb/src/portable/raspberrypi/rp2040/dcd_rp2040.c.obj
                0x10005210                dcd_edpt_clear_stall
 .text.prepare_ep_buffer
                0x10005230       0x70 examples/aws_mqtt_demo/CMakeFiles/aws_mqtt_demo.dir/__/__/libraries/pico-sdk/lib/tinyusb/src/portable/raspberrypi/rp2040/rp2040_usb.c.obj
 .text.sync_ep_buffer
                0x100052a0       0x7c examples/aws_mqtt_demo/CMakeFiles/aws_mqtt_demo.dir/__/__/libraries/pico-sdk/lib/tinyusb/src/portable/raspberrypi/rp2040/rp2040_usb.c.obj
 .text._hw_endpoint_xfer_sync
                0x1000531c       0x28 examples/aws_mqtt_demo/CMakeFiles/aws_mqtt_demo.dir/__/__/libraries/pico-sdk/lib/tinyusb/src/portable/raspberrypi/rp2040/rp2040_usb.c.obj
 .text.rp2040_usb_init
                0x10005344       0x4c examples/aws_mqtt_demo/CMakeFiles/aws_mqtt_demo.dir/__/__/libraries/pico-sdk/lib/tinyusb/src/portable/raspberrypi/rp2040/rp2040_usb.c.obj
                0x10005344                rp2040_usb_init
 .text.hw_endpoint_reset_transfer
                0x10005390        0xc examples/aws_mqtt_demo/CMakeFiles/aws_mqtt_demo.dir/__/__/libraries/pico-sdk/lib/tinyusb/src/portable/raspberrypi/rp2040/rp2040_usb.c.obj
                0x10005390                hw_endpoint_reset_transfer
 .text._hw_endpoint_buffer_control_update32
                0x1000539c       0x58 examples/aws_mqtt_demo/CMakeFiles/aws_mqtt_demo.dir/__/__/libraries/pico-sdk/lib/tinyusb/src/portable/raspberrypi/rp2040/rp2040_usb.c.obj
                0x1000539c                _hw_endpoint_buffer_control_update32
 .text._hw_endpoint_start_next_buffer
                0x100053f4       0x74 examples/aws_mqtt_demo/CMakeFiles/aws_mqtt_demo.dir/__/__/libraries/pico-sdk/lib/tinyusb/src/portable/raspberrypi/rp2040/rp2040_usb.c.obj
 .text.hw_endpoint_xfer_start
                0x10005468       0x48 examples/aws_mqtt_demo/CMakeFiles/aws_mqtt_demo.dir/__/__/libraries/pico-sdk/lib/tinyusb/src/portable/raspberrypi/rp2040/rp2040_usb.c.obj
                0x10005468                hw_endpoint_xfer_start
 .text.hw_endpoint_xfer_continue
                0x100054b0       0x38 examples/aws_mqtt_demo/CMakeFiles/aws_mqtt_demo.dir/__/__/libraries/pico-sdk/lib/tinyusb/src/portable/raspberrypi/rp2040/rp2040_usb.c.obj
                0x100054b0                hw_endpoint_xfer_continue
 .text.configuration_reset
                0x100054e8       0x84 examples/aws_mqtt_demo/CMakeFiles/aws_mqtt_demo.dir/__/__/libraries/pico-sdk/lib/tinyusb/src/device/usbd.c.obj
 .text.usbd_reset
                0x1000556c        0xc examples/aws_mqtt_demo/CMakeFiles/aws_mqtt_demo.dir/__/__/libraries/pico-sdk/lib/tinyusb/src/device/usbd.c.obj
 .text.invoke_class_control
                0x10005578       0x1a examples/aws_mqtt_demo/CMakeFiles/aws_mqtt_demo.dir/__/__/libraries/pico-sdk/lib/tinyusb/src/device/usbd.c.obj
 *fill*         0x10005592        0x2 
 .text.process_set_config
                0x10005594      0x1b0 examples/aws_mqtt_demo/CMakeFiles/aws_mqtt_demo.dir/__/__/libraries/pico-sdk/lib/tinyusb/src/device/usbd.c.obj
 .text.process_get_descriptor
                0x10005744       0xec examples/aws_mqtt_demo/CMakeFiles/aws_mqtt_demo.dir/__/__/libraries/pico-sdk/lib/tinyusb/src/device/usbd.c.obj
 .text.tud_mounted
                0x10005830       0x10 examples/aws_mqtt_demo/CMakeFiles/aws_mqtt_demo.dir/__/__/libraries/pico-sdk/lib/tinyusb/src/device/usbd.c.obj
                0x10005830                tud_mounted
 .text.tud_suspended
                0x10005840       0x10 examples/aws_mqtt_demo/CMakeFiles/aws_mqtt_demo.dir/__/__/libraries/pico-sdk/lib/tinyusb/src/device/usbd.c.obj
                0x10005840                tud_suspended
 .text.tud_inited
                0x10005850        0xc examples/aws_mqtt_demo/CMakeFiles/aws_mqtt_demo.dir/__/__/libraries/pico-sdk/lib/tinyusb/src/device/usbd.c.obj
                0x10005850                tud_inited
 .text.tud_init
                0x1000585c       0xcc examples/aws_mqtt_demo/CMakeFiles/aws_mqtt_demo.dir/__/__/libraries/pico-sdk/lib/tinyusb/src/device/usbd.c.obj
                0x1000585c                tud_init
 .text.dcd_event_handler
                0x10005928      0x1e0 examples/aws_mqtt_demo/CMakeFiles/aws_mqtt_demo.dir/__/__/libraries/pico-sdk/lib/tinyusb/src/device/usbd.c.obj
                0x10005928                dcd_event_handler
 .text.dcd_event_bus_signal
                0x10005b08       0x26 examples/aws_mqtt_demo/CMakeFiles/aws_mqtt_demo.dir/__/__/libraries/pico-sdk/lib/tinyusb/src/device/usbd.c.obj
                0x10005b08                dcd_event_bus_signal
 .text.dcd_event_bus_reset
                0x10005b2e       0x2a examples/aws_mqtt_demo/CMakeFiles/aws_mqtt_demo.dir/__/__/libraries/pico-sdk/lib/tinyusb/src/device/usbd.c.obj
                0x10005b2e                dcd_event_bus_reset
 .text.dcd_event_setup_received
                0x10005b58       0x34 examples/aws_mqtt_demo/CMakeFiles/aws_mqtt_demo.dir/__/__/libraries/pico-sdk/lib/tinyusb/src/device/usbd.c.obj
                0x10005b58                dcd_event_setup_received
 .text.dcd_event_xfer_complete
                0x10005b8c       0x44 examples/aws_mqtt_demo/CMakeFiles/aws_mqtt_demo.dir/__/__/libraries/pico-sdk/lib/tinyusb/src/device/usbd.c.obj
                0x10005b8c                dcd_event_xfer_complete
 .text.usbd_edpt_open
                0x10005bd0       0x58 examples/aws_mqtt_demo/CMakeFiles/aws_mqtt_demo.dir/__/__/libraries/pico-sdk/lib/tinyusb/src/device/usbd.c.obj
                0x10005bd0                usbd_edpt_open
 .text.usbd_open_edpt_pair
                0x10005c28       0x8c examples/aws_mqtt_demo/CMakeFiles/aws_mqtt_demo.dir/__/__/libraries/pico-sdk/lib/tinyusb/src/device/usbd.c.obj
                0x10005c28                usbd_open_edpt_pair
 .text.usbd_edpt_claim
                0x10005cb4       0x8c examples/aws_mqtt_demo/CMakeFiles/aws_mqtt_demo.dir/__/__/libraries/pico-sdk/lib/tinyusb/src/device/usbd.c.obj
                0x10005cb4                usbd_edpt_claim
 .text.usbd_edpt_release
                0x10005d40       0x68 examples/aws_mqtt_demo/CMakeFiles/aws_mqtt_demo.dir/__/__/libraries/pico-sdk/lib/tinyusb/src/device/usbd.c.obj
                0x10005d40                usbd_edpt_release
 .text.usbd_edpt_xfer
                0x10005da8       0x80 examples/aws_mqtt_demo/CMakeFiles/aws_mqtt_demo.dir/__/__/libraries/pico-sdk/lib/tinyusb/src/device/usbd.c.obj
                0x10005da8                usbd_edpt_xfer
 .text.usbd_edpt_stall
                0x10005e28       0x40 examples/aws_mqtt_demo/CMakeFiles/aws_mqtt_demo.dir/__/__/libraries/pico-sdk/lib/tinyusb/src/device/usbd.c.obj
                0x10005e28                usbd_edpt_stall
 .text.usbd_edpt_clear_stall
                0x10005e68       0x40 examples/aws_mqtt_demo/CMakeFiles/aws_mqtt_demo.dir/__/__/libraries/pico-sdk/lib/tinyusb/src/device/usbd.c.obj
                0x10005e68                usbd_edpt_clear_stall
 .text.usbd_edpt_stalled
                0x10005ea8       0x1c examples/aws_mqtt_demo/CMakeFiles/aws_mqtt_demo.dir/__/__/libraries/pico-sdk/lib/tinyusb/src/device/usbd.c.obj
                0x10005ea8                usbd_edpt_stalled
 .text.process_control_request
                0x10005ec4      0x3b8 examples/aws_mqtt_demo/CMakeFiles/aws_mqtt_demo.dir/__/__/libraries/pico-sdk/lib/tinyusb/src/device/usbd.c.obj
 .text.tud_task
                0x1000627c      0x218 examples/aws_mqtt_demo/CMakeFiles/aws_mqtt_demo.dir/__/__/libraries/pico-sdk/lib/tinyusb/src/device/usbd.c.obj
                0x1000627c                tud_task
 .text._data_stage_xact
                0x10006494       0x58 examples/aws_mqtt_demo/CMakeFiles/aws_mqtt_demo.dir/__/__/libraries/pico-sdk/lib/tinyusb/src/device/usbd_control.c.obj
 .text.tud_control_status
                0x100064ec       0x38 examples/aws_mqtt_demo/CMakeFiles/aws_mqtt_demo.dir/__/__/libraries/pico-sdk/lib/tinyusb/src/device/usbd_control.c.obj
                0x100064ec                tud_control_status
 .text.tud_control_xfer
                0x10006524       0xa8 examples/aws_mqtt_demo/CMakeFiles/aws_mqtt_demo.dir/__/__/libraries/pico-sdk/lib/tinyusb/src/device/usbd_control.c.obj
                0x10006524                tud_control_xfer
 .text.usbd_control_reset
                0x100065cc       0x14 examples/aws_mqtt_demo/CMakeFiles/aws_mqtt_demo.dir/__/__/libraries/pico-sdk/lib/tinyusb/src/device/usbd_control.c.obj
                0x100065cc                usbd_control_reset
 .text.usbd_control_set_complete_callback
                0x100065e0        0xc examples/aws_mqtt_demo/CMakeFiles/aws_mqtt_demo.dir/__/__/libraries/pico-sdk/lib/tinyusb/src/device/usbd_control.c.obj
                0x100065e0                usbd_control_set_complete_callback
 .text.usbd_control_set_request
                0x100065ec       0x1c examples/aws_mqtt_demo/CMakeFiles/aws_mqtt_demo.dir/__/__/libraries/pico-sdk/lib/tinyusb/src/device/usbd_control.c.obj
                0x100065ec                usbd_control_set_request
 .text.usbd_control_xfer_cb
                0x10006608       0xfc examples/aws_mqtt_demo/CMakeFiles/aws_mqtt_demo.dir/__/__/libraries/pico-sdk/lib/tinyusb/src/device/usbd_control.c.obj
                0x10006608                usbd_control_xfer_cb
 .text._prep_out_transaction
                0x10006704       0x46 examples/aws_mqtt_demo/CMakeFiles/aws_mqtt_demo.dir/__/__/libraries/pico-sdk/lib/tinyusb/src/class/cdc/cdc_device.c.obj
 *fill*         0x1000674a        0x2 
 .text.tud_cdc_n_connected
                0x1000674c       0x44 examples/aws_mqtt_demo/CMakeFiles/aws_mqtt_demo.dir/__/__/libraries/pico-sdk/lib/tinyusb/src/class/cdc/cdc_device.c.obj
                0x1000674c                tud_cdc_n_connected
 .text.tud_cdc_n_available
                0x10006790       0x18 examples/aws_mqtt_demo/CMakeFiles/aws_mqtt_demo.dir/__/__/libraries/pico-sdk/lib/tinyusb/src/class/cdc/cdc_device.c.obj
                0x10006790                tud_cdc_n_available
 .text.tud_cdc_n_read
                0x100067a8       0x28 examples/aws_mqtt_demo/CMakeFiles/aws_mqtt_demo.dir/__/__/libraries/pico-sdk/lib/tinyusb/src/class/cdc/cdc_device.c.obj
                0x100067a8                tud_cdc_n_read
 .text.tud_cdc_n_write_flush
                0x100067d0       0xcc examples/aws_mqtt_demo/CMakeFiles/aws_mqtt_demo.dir/__/__/libraries/pico-sdk/lib/tinyusb/src/class/cdc/cdc_device.c.obj
                0x100067d0                tud_cdc_n_write_flush
 .text.tud_cdc_n_write
                0x1000689c       0x38 examples/aws_mqtt_demo/CMakeFiles/aws_mqtt_demo.dir/__/__/libraries/pico-sdk/lib/tinyusb/src/class/cdc/cdc_device.c.obj
                0x1000689c                tud_cdc_n_write
 .text.tud_cdc_n_write_available
                0x100068d4       0x1c examples/aws_mqtt_demo/CMakeFiles/aws_mqtt_demo.dir/__/__/libraries/pico-sdk/lib/tinyusb/src/class/cdc/cdc_device.c.obj
                0x100068d4                tud_cdc_n_write_available
 .text.cdcd_init
                0x100068f0       0xbc examples/aws_mqtt_demo/CMakeFiles/aws_mqtt_demo.dir/__/__/libraries/pico-sdk/lib/tinyusb/src/class/cdc/cdc_device.c.obj
                0x100068f0                cdcd_init
 .text.cdcd_reset
                0x100069ac       0x44 examples/aws_mqtt_demo/CMakeFiles/aws_mqtt_demo.dir/__/__/libraries/pico-sdk/lib/tinyusb/src/class/cdc/cdc_device.c.obj
                0x100069ac                cdcd_reset
 .text.cdcd_open
                0x100069f0       0xf8 examples/aws_mqtt_demo/CMakeFiles/aws_mqtt_demo.dir/__/__/libraries/pico-sdk/lib/tinyusb/src/class/cdc/cdc_device.c.obj
                0x100069f0                cdcd_open
 .text.cdcd_control_xfer_cb
                0x10006ae8      0x134 examples/aws_mqtt_demo/CMakeFiles/aws_mqtt_demo.dir/__/__/libraries/pico-sdk/lib/tinyusb/src/class/cdc/cdc_device.c.obj
                0x10006ae8                cdcd_control_xfer_cb
 .text.cdcd_xfer_cb
                0x10006c1c      0x144 examples/aws_mqtt_demo/CMakeFiles/aws_mqtt_demo.dir/__/__/libraries/pico-sdk/lib/tinyusb/src/class/cdc/cdc_device.c.obj
                0x10006c1c                cdcd_xfer_cb
 .text.tusb_init
                0x10006d60       0x24 examples/aws_mqtt_demo/CMakeFiles/aws_mqtt_demo.dir/__/__/libraries/pico-sdk/lib/tinyusb/src/tusb.c.obj
                0x10006d60                tusb_init
 .text.tusb_inited
                0x10006d84        0xe examples/aws_mqtt_demo/CMakeFiles/aws_mqtt_demo.dir/__/__/libraries/pico-sdk/lib/tinyusb/src/tusb.c.obj
                0x10006d84                tusb_inited
 *fill*         0x10006d92        0x2 
 .text.tu_edpt_validate
                0x10006d94       0xa8 examples/aws_mqtt_demo/CMakeFiles/aws_mqtt_demo.dir/__/__/libraries/pico-sdk/lib/tinyusb/src/tusb.c.obj
                0x10006d94                tu_edpt_validate
 .text.tu_edpt_bind_driver
                0x10006e3c       0x2a examples/aws_mqtt_demo/CMakeFiles/aws_mqtt_demo.dir/__/__/libraries/pico-sdk/lib/tinyusb/src/tusb.c.obj
                0x10006e3c                tu_edpt_bind_driver
 .text.advance_pointer
                0x10006e66       0x18 examples/aws_mqtt_demo/CMakeFiles/aws_mqtt_demo.dir/__/__/libraries/pico-sdk/lib/tinyusb/src/common/tusb_fifo.c.obj
 .text.backward_pointer
                0x10006e7e       0x1e examples/aws_mqtt_demo/CMakeFiles/aws_mqtt_demo.dir/__/__/libraries/pico-sdk/lib/tinyusb/src/common/tusb_fifo.c.obj
 .text.get_relative_pointer
                0x10006e9c       0x10 examples/aws_mqtt_demo/CMakeFiles/aws_mqtt_demo.dir/__/__/libraries/pico-sdk/lib/tinyusb/src/common/tusb_fifo.c.obj
 .text._tu_fifo_peek
                0x10006eac       0x50 examples/aws_mqtt_demo/CMakeFiles/aws_mqtt_demo.dir/__/__/libraries/pico-sdk/lib/tinyusb/src/common/tusb_fifo.c.obj
 .text._ff_pull_const_addr
                0x10006efc       0x4c examples/aws_mqtt_demo/CMakeFiles/aws_mqtt_demo.dir/__/__/libraries/pico-sdk/lib/tinyusb/src/common/tusb_fifo.c.obj
 .text._ff_pull_n
                0x10006f48      0x10c examples/aws_mqtt_demo/CMakeFiles/aws_mqtt_demo.dir/__/__/libraries/pico-sdk/lib/tinyusb/src/common/tusb_fifo.c.obj
 .text._tu_fifo_peek_n
                0x10007054       0x5e examples/aws_mqtt_demo/CMakeFiles/aws_mqtt_demo.dir/__/__/libraries/pico-sdk/lib/tinyusb/src/common/tusb_fifo.c.obj
 .text._tu_fifo_read_n
                0x100070b2       0x4e examples/aws_mqtt_demo/CMakeFiles/aws_mqtt_demo.dir/__/__/libraries/pico-sdk/lib/tinyusb/src/common/tusb_fifo.c.obj
 .text._ff_push_const_addr
                0x10007100       0x40 examples/aws_mqtt_demo/CMakeFiles/aws_mqtt_demo.dir/__/__/libraries/pico-sdk/lib/tinyusb/src/common/tusb_fifo.c.obj
 .text._ff_push_n
                0x10007140      0x108 examples/aws_mqtt_demo/CMakeFiles/aws_mqtt_demo.dir/__/__/libraries/pico-sdk/lib/tinyusb/src/common/tusb_fifo.c.obj
 .text._tu_fifo_write_n
                0x10007248       0x9e examples/aws_mqtt_demo/CMakeFiles/aws_mqtt_demo.dir/__/__/libraries/pico-sdk/lib/tinyusb/src/common/tusb_fifo.c.obj
 .text.tu_fifo_config
                0x100072e6       0x72 examples/aws_mqtt_demo/CMakeFiles/aws_mqtt_demo.dir/__/__/libraries/pico-sdk/lib/tinyusb/src/common/tusb_fifo.c.obj
                0x100072e6                tu_fifo_config
 .text.tu_fifo_count
                0x10007358       0x26 examples/aws_mqtt_demo/CMakeFiles/aws_mqtt_demo.dir/__/__/libraries/pico-sdk/lib/tinyusb/src/common/tusb_fifo.c.obj
                0x10007358                tu_fifo_count
 .text.tu_fifo_empty
                0x1000737e       0x10 examples/aws_mqtt_demo/CMakeFiles/aws_mqtt_demo.dir/__/__/libraries/pico-sdk/lib/tinyusb/src/common/tusb_fifo.c.obj
                0x1000737e                tu_fifo_empty
 .text.tu_fifo_remaining
                0x1000738e       0x20 examples/aws_mqtt_demo/CMakeFiles/aws_mqtt_demo.dir/__/__/libraries/pico-sdk/lib/tinyusb/src/common/tusb_fifo.c.obj
                0x1000738e                tu_fifo_remaining
 .text.tu_fifo_read
                0x100073ae       0x42 examples/aws_mqtt_demo/CMakeFiles/aws_mqtt_demo.dir/__/__/libraries/pico-sdk/lib/tinyusb/src/common/tusb_fifo.c.obj
                0x100073ae                tu_fifo_read
 .text.tu_fifo_read_n
                0x100073f0        0xa examples/aws_mqtt_demo/CMakeFiles/aws_mqtt_demo.dir/__/__/libraries/pico-sdk/lib/tinyusb/src/common/tusb_fifo.c.obj
                0x100073f0                tu_fifo_read_n
 .text.tu_fifo_write
                0x100073fa       0x6c examples/aws_mqtt_demo/CMakeFiles/aws_mqtt_demo.dir/__/__/libraries/pico-sdk/lib/tinyusb/src/common/tusb_fifo.c.obj
                0x100073fa                tu_fifo_write
 .text.tu_fifo_write_n
                0x10007466        0xa examples/aws_mqtt_demo/CMakeFiles/aws_mqtt_demo.dir/__/__/libraries/pico-sdk/lib/tinyusb/src/common/tusb_fifo.c.obj
                0x10007466                tu_fifo_write_n
 .text.tu_fifo_clear
                0x10007470       0x4c examples/aws_mqtt_demo/CMakeFiles/aws_mqtt_demo.dir/__/__/libraries/pico-sdk/lib/tinyusb/src/common/tusb_fifo.c.obj
                0x10007470                tu_fifo_clear
 .text.tu_fifo_set_overwritable
                0x100074bc       0x3c examples/aws_mqtt_demo/CMakeFiles/aws_mqtt_demo.dir/__/__/libraries/pico-sdk/lib/tinyusb/src/common/tusb_fifo.c.obj
                0x100074bc                tu_fifo_set_overwritable
 .text._retrieve_unique_id_on_boot
                0x100074f8       0x10 examples/aws_mqtt_demo/CMakeFiles/aws_mqtt_demo.dir/__/__/libraries/pico-sdk/src/rp2_common/pico_unique_id/unique_id.c.obj
 .text.pico_get_unique_board_id_string
                0x10007508       0x60 examples/aws_mqtt_demo/CMakeFiles/aws_mqtt_demo.dir/__/__/libraries/pico-sdk/src/rp2_common/pico_unique_id/unique_id.c.obj
                0x10007508                pico_get_unique_board_id_string
 .text.flash_get_unique_id
                0x10007568       0x46 examples/aws_mqtt_demo/CMakeFiles/aws_mqtt_demo.dir/__/__/libraries/pico-sdk/src/rp2_common/hardware_flash/flash.c.obj
                0x10007568                flash_get_unique_id
 *fill*         0x100075ae        0x2 
 .text.SystemCoreClockUpdate
                0x100075b0       0x14 examples/aws_mqtt_demo/CMakeFiles/aws_mqtt_demo.dir/__/__/libraries/pico-sdk/src/rp2_common/cmsis/stub/CMSIS/Device/RaspberryPi/RP2040/Source/system_RP2040.c.obj
                0x100075b0                SystemCoreClockUpdate
 .text.SystemInit
                0x100075c4        0x8 examples/aws_mqtt_demo/CMakeFiles/aws_mqtt_demo.dir/__/__/libraries/pico-sdk/src/rp2_common/cmsis/stub/CMSIS/Device/RaspberryPi/RP2040/Source/system_RP2040.c.obj
                0x100075c4                SystemInit
 .text.CreateBlock
                0x100075cc       0x1e examples/aws_mqtt_demo/CMakeFiles/aws_mqtt_demo.dir/__/__/libraries/CMSIS-FreeRTOS/CMSIS/RTOS2/FreeRTOS/Source/cmsis_os2.c.obj
 .text.AllocBlock
                0x100075ea       0x20 examples/aws_mqtt_demo/CMakeFiles/aws_mqtt_demo.dir/__/__/libraries/CMSIS-FreeRTOS/CMSIS/RTOS2/FreeRTOS/Source/cmsis_os2.c.obj
 .text.FreeBlock
                0x1000760a        0x8 examples/aws_mqtt_demo/CMakeFiles/aws_mqtt_demo.dir/__/__/libraries/CMSIS-FreeRTOS/CMSIS/RTOS2/FreeRTOS/Source/cmsis_os2.c.obj
 *fill*         0x10007612        0x2 
 .text.SysTick_Handler
                0x10007614       0x1c examples/aws_mqtt_demo/CMakeFiles/aws_mqtt_demo.dir/__/__/libraries/CMSIS-FreeRTOS/CMSIS/RTOS2/FreeRTOS/Source/cmsis_os2.c.obj
                0x10007614                SysTick_Handler
 .text.osKernelInitialize
                0x10007630       0x50 examples/aws_mqtt_demo/CMakeFiles/aws_mqtt_demo.dir/__/__/libraries/CMSIS-FreeRTOS/CMSIS/RTOS2/FreeRTOS/Source/cmsis_os2.c.obj
                0x10007630                osKernelInitialize
 .text.osKernelStart
                0x10007680       0x68 examples/aws_mqtt_demo/CMakeFiles/aws_mqtt_demo.dir/__/__/libraries/CMSIS-FreeRTOS/CMSIS/RTOS2/FreeRTOS/Source/cmsis_os2.c.obj
                0x10007680                osKernelStart
 .text.osThreadNew
                0x100076e8       0xf0 examples/aws_mqtt_demo/CMakeFiles/aws_mqtt_demo.dir/__/__/libraries/CMSIS-FreeRTOS/CMSIS/RTOS2/FreeRTOS/Source/cmsis_os2.c.obj
                0x100076e8                osThreadNew
 .text.osThreadGetId
                0x100077d8        0x8 examples/aws_mqtt_demo/CMakeFiles/aws_mqtt_demo.dir/__/__/libraries/CMSIS-FreeRTOS/CMSIS/RTOS2/FreeRTOS/Source/cmsis_os2.c.obj
                0x100077d8                osThreadGetId
 .text.osThreadGetState
                0x100077e0       0x66 examples/aws_mqtt_demo/CMakeFiles/aws_mqtt_demo.dir/__/__/libraries/CMSIS-FreeRTOS/CMSIS/RTOS2/FreeRTOS/Source/cmsis_os2.c.obj
                0x100077e0                osThreadGetState
 .text.osThreadTerminate
                0x10007846       0x50 examples/aws_mqtt_demo/CMakeFiles/aws_mqtt_demo.dir/__/__/libraries/CMSIS-FreeRTOS/CMSIS/RTOS2/FreeRTOS/Source/cmsis_os2.c.obj
                0x10007846                osThreadTerminate
 *fill*         0x10007896        0x2 
 .text.osThreadFlagsSet
                0x10007898       0xa4 examples/aws_mqtt_demo/CMakeFiles/aws_mqtt_demo.dir/__/__/libraries/CMSIS-FreeRTOS/CMSIS/RTOS2/FreeRTOS/Source/cmsis_os2.c.obj
                0x10007898                osThreadFlagsSet
 .text.osThreadFlagsWait
                0x1000793c       0xe6 examples/aws_mqtt_demo/CMakeFiles/aws_mqtt_demo.dir/__/__/libraries/CMSIS-FreeRTOS/CMSIS/RTOS2/FreeRTOS/Source/cmsis_os2.c.obj
                0x1000793c                osThreadFlagsWait
 .text.osDelay  0x10007a22       0x3e examples/aws_mqtt_demo/CMakeFiles/aws_mqtt_demo.dir/__/__/libraries/CMSIS-FreeRTOS/CMSIS/RTOS2/FreeRTOS/Source/cmsis_os2.c.obj
                0x10007a22                osDelay
 .text.osEventFlagsNew
                0x10007a60       0x6a examples/aws_mqtt_demo/CMakeFiles/aws_mqtt_demo.dir/__/__/libraries/CMSIS-FreeRTOS/CMSIS/RTOS2/FreeRTOS/Source/cmsis_os2.c.obj
                0x10007a60                osEventFlagsNew
 *fill*         0x10007aca        0x2 
 .text.osEventFlagsSet
                0x10007acc       0x7c examples/aws_mqtt_demo/CMakeFiles/aws_mqtt_demo.dir/__/__/libraries/CMSIS-FreeRTOS/CMSIS/RTOS2/FreeRTOS/Source/cmsis_os2.c.obj
                0x10007acc                osEventFlagsSet
 .text.osEventFlagsClear
                0x10007b48       0x74 examples/aws_mqtt_demo/CMakeFiles/aws_mqtt_demo.dir/__/__/libraries/CMSIS-FreeRTOS/CMSIS/RTOS2/FreeRTOS/Source/cmsis_os2.c.obj
                0x10007b48                osEventFlagsClear
 .text.osEventFlagsWait
                0x10007bbc       0xaa examples/aws_mqtt_demo/CMakeFiles/aws_mqtt_demo.dir/__/__/libraries/CMSIS-FreeRTOS/CMSIS/RTOS2/FreeRTOS/Source/cmsis_os2.c.obj
                0x10007bbc                osEventFlagsWait
 .text.osEventFlagsDelete
                0x10007c66       0x40 examples/aws_mqtt_demo/CMakeFiles/aws_mqtt_demo.dir/__/__/libraries/CMSIS-FreeRTOS/CMSIS/RTOS2/FreeRTOS/Source/cmsis_os2.c.obj
                0x10007c66                osEventFlagsDelete
 .text.osMutexNew
                0x10007ca6       0xac examples/aws_mqtt_demo/CMakeFiles/aws_mqtt_demo.dir/__/__/libraries/CMSIS-FreeRTOS/CMSIS/RTOS2/FreeRTOS/Source/cmsis_os2.c.obj
                0x10007ca6                osMutexNew
 .text.osMutexAcquire
                0x10007d52       0x82 examples/aws_mqtt_demo/CMakeFiles/aws_mqtt_demo.dir/__/__/libraries/CMSIS-FreeRTOS/CMSIS/RTOS2/FreeRTOS/Source/cmsis_os2.c.obj
                0x10007d52                osMutexAcquire
 .text.osMutexRelease
                0x10007dd4       0x6e examples/aws_mqtt_demo/CMakeFiles/aws_mqtt_demo.dir/__/__/libraries/CMSIS-FreeRTOS/CMSIS/RTOS2/FreeRTOS/Source/cmsis_os2.c.obj
                0x10007dd4                osMutexRelease
 .text.osMutexGetOwner
                0x10007e42       0x3e examples/aws_mqtt_demo/CMakeFiles/aws_mqtt_demo.dir/__/__/libraries/CMSIS-FreeRTOS/CMSIS/RTOS2/FreeRTOS/Source/cmsis_os2.c.obj
                0x10007e42                osMutexGetOwner
 .text.osMutexDelete
                0x10007e80       0x44 examples/aws_mqtt_demo/CMakeFiles/aws_mqtt_demo.dir/__/__/libraries/CMSIS-FreeRTOS/CMSIS/RTOS2/FreeRTOS/Source/cmsis_os2.c.obj
                0x10007e80                osMutexDelete
 .text.osMemoryPoolNew
                0x10007ec4      0x178 examples/aws_mqtt_demo/CMakeFiles/aws_mqtt_demo.dir/__/__/libraries/CMSIS-FreeRTOS/CMSIS/RTOS2/FreeRTOS/Source/cmsis_os2.c.obj
                0x10007ec4                osMemoryPoolNew
 .text.osMemoryPoolAlloc
                0x1000803c       0xcc examples/aws_mqtt_demo/CMakeFiles/aws_mqtt_demo.dir/__/__/libraries/CMSIS-FreeRTOS/CMSIS/RTOS2/FreeRTOS/Source/cmsis_os2.c.obj
                0x1000803c                osMemoryPoolAlloc
 .text.osMemoryPoolFree
                0x10008108       0xec examples/aws_mqtt_demo/CMakeFiles/aws_mqtt_demo.dir/__/__/libraries/CMSIS-FreeRTOS/CMSIS/RTOS2/FreeRTOS/Source/cmsis_os2.c.obj
                0x10008108                osMemoryPoolFree
 .text.osMemoryPoolGetBlockSize
                0x100081f4       0x20 examples/aws_mqtt_demo/CMakeFiles/aws_mqtt_demo.dir/__/__/libraries/CMSIS-FreeRTOS/CMSIS/RTOS2/FreeRTOS/Source/cmsis_os2.c.obj
                0x100081f4                osMemoryPoolGetBlockSize
 .text.osMemoryPoolGetSpace
                0x10008214       0x50 examples/aws_mqtt_demo/CMakeFiles/aws_mqtt_demo.dir/__/__/libraries/CMSIS-FreeRTOS/CMSIS/RTOS2/FreeRTOS/Source/cmsis_os2.c.obj
                0x10008214                osMemoryPoolGetSpace
 .text.osMemoryPoolDelete
                0x10008264       0x7c examples/aws_mqtt_demo/CMakeFiles/aws_mqtt_demo.dir/__/__/libraries/CMSIS-FreeRTOS/CMSIS/RTOS2/FreeRTOS/Source/cmsis_os2.c.obj
                0x10008264                osMemoryPoolDelete
 .text.vApplicationStackOverflowHook
                0x100082e0        0x2 examples/aws_mqtt_demo/CMakeFiles/aws_mqtt_demo.dir/__/__/libraries/CMSIS-FreeRTOS/CMSIS/RTOS2/FreeRTOS/Source/cmsis_os2.c.obj
                0x100082e0                vApplicationStackOverflowHook
 *fill*         0x100082e2        0x2 
 .text.vApplicationGetIdleTaskMemory
                0x100082e4       0x18 examples/aws_mqtt_demo/CMakeFiles/aws_mqtt_demo.dir/__/__/libraries/CMSIS-FreeRTOS/CMSIS/RTOS2/FreeRTOS/Source/cmsis_os2.c.obj
                0x100082e4                vApplicationGetIdleTaskMemory
 .text.vApplicationGetTimerTaskMemory
                0x100082fc       0x18 examples/aws_mqtt_demo/CMakeFiles/aws_mqtt_demo.dir/__/__/libraries/CMSIS-FreeRTOS/CMSIS/RTOS2/FreeRTOS/Source/cmsis_os2.c.obj
                0x100082fc                vApplicationGetTimerTaskMemory
 .text.adc_init
                0x10008314       0x34 examples/aws_mqtt_demo/CMakeFiles/aws_mqtt_demo.dir/__/__/libraries/pico-sdk/src/rp2_common/hardware_adc/adc.c.obj
                0x10008314                adc_init
 .text.prvTestWaitCondition
                0x10008348       0x1e examples/aws_mqtt_demo/CMakeFiles/aws_mqtt_demo.dir/__/__/libraries/CMSIS-FreeRTOS/Source/event_groups.c.obj
 .text.xEventGroupCreateStatic
                0x10008366       0x16 examples/aws_mqtt_demo/CMakeFiles/aws_mqtt_demo.dir/__/__/libraries/CMSIS-FreeRTOS/Source/event_groups.c.obj
                0x10008366                xEventGroupCreateStatic
 .text.xEventGroupCreate
                0x1000837c       0x1a examples/aws_mqtt_demo/CMakeFiles/aws_mqtt_demo.dir/__/__/libraries/CMSIS-FreeRTOS/Source/event_groups.c.obj
                0x1000837c                xEventGroupCreate
 .text.xEventGroupWaitBits
                0x10008396       0xb4 examples/aws_mqtt_demo/CMakeFiles/aws_mqtt_demo.dir/__/__/libraries/CMSIS-FreeRTOS/Source/event_groups.c.obj
                0x10008396                xEventGroupWaitBits
 .text.xEventGroupClearBits
                0x1000844a       0x1a examples/aws_mqtt_demo/CMakeFiles/aws_mqtt_demo.dir/__/__/libraries/CMSIS-FreeRTOS/Source/event_groups.c.obj
                0x1000844a                xEventGroupClearBits
 .text.vEventGroupClearBitsCallback
                0x10008464        0x8 examples/aws_mqtt_demo/CMakeFiles/aws_mqtt_demo.dir/__/__/libraries/CMSIS-FreeRTOS/Source/event_groups.c.obj
                0x10008464                vEventGroupClearBitsCallback
 .text.xEventGroupClearBitsFromISR
                0x1000846c       0x14 examples/aws_mqtt_demo/CMakeFiles/aws_mqtt_demo.dir/__/__/libraries/CMSIS-FreeRTOS/Source/event_groups.c.obj
                0x1000846c                xEventGroupClearBitsFromISR
 .text.xEventGroupGetBitsFromISR
                0x10008480       0x12 examples/aws_mqtt_demo/CMakeFiles/aws_mqtt_demo.dir/__/__/libraries/CMSIS-FreeRTOS/Source/event_groups.c.obj
                0x10008480                xEventGroupGetBitsFromISR
 .text.xEventGroupSetBits
                0x10008492       0x5e examples/aws_mqtt_demo/CMakeFiles/aws_mqtt_demo.dir/__/__/libraries/CMSIS-FreeRTOS/Source/event_groups.c.obj
                0x10008492                xEventGroupSetBits
 .text.vEventGroupSetBitsCallback
                0x100084f0        0x8 examples/aws_mqtt_demo/CMakeFiles/aws_mqtt_demo.dir/__/__/libraries/CMSIS-FreeRTOS/Source/event_groups.c.obj
                0x100084f0                vEventGroupSetBitsCallback
 .text.vEventGroupDelete
                0x100084f8       0x2e examples/aws_mqtt_demo/CMakeFiles/aws_mqtt_demo.dir/__/__/libraries/CMSIS-FreeRTOS/Source/event_groups.c.obj
                0x100084f8                vEventGroupDelete
 *fill*         0x10008526        0x2 
 .text.xEventGroupSetBitsFromISR
                0x10008528       0x14 examples/aws_mqtt_demo/CMakeFiles/aws_mqtt_demo.dir/__/__/libraries/CMSIS-FreeRTOS/Source/event_groups.c.obj
                0x10008528                xEventGroupSetBitsFromISR
 .text.vListInitialise
                0x1000853c       0x16 examples/aws_mqtt_demo/CMakeFiles/aws_mqtt_demo.dir/__/__/libraries/CMSIS-FreeRTOS/Source/list.c.obj
                0x1000853c                vListInitialise
 .text.vListInitialiseItem
                0x10008552        0x6 examples/aws_mqtt_demo/CMakeFiles/aws_mqtt_demo.dir/__/__/libraries/CMSIS-FreeRTOS/Source/list.c.obj
                0x10008552                vListInitialiseItem
 .text.vListInsertEnd
                0x10008558       0x16 examples/aws_mqtt_demo/CMakeFiles/aws_mqtt_demo.dir/__/__/libraries/CMSIS-FreeRTOS/Source/list.c.obj
                0x10008558                vListInsertEnd
 .text.vListInsert
                0x1000856e       0x2e examples/aws_mqtt_demo/CMakeFiles/aws_mqtt_demo.dir/__/__/libraries/CMSIS-FreeRTOS/Source/list.c.obj
                0x1000856e                vListInsert
 .text.uxListRemove
                0x1000859c       0x26 examples/aws_mqtt_demo/CMakeFiles/aws_mqtt_demo.dir/__/__/libraries/CMSIS-FreeRTOS/Source/list.c.obj
                0x1000859c                uxListRemove
 .text.prvGetDisinheritPriorityAfterTimeout
                0x100085c2       0x12 examples/aws_mqtt_demo/CMakeFiles/aws_mqtt_demo.dir/__/__/libraries/CMSIS-FreeRTOS/Source/queue.c.obj
 .text.prvIsQueueFull
                0x100085d4       0x1e examples/aws_mqtt_demo/CMakeFiles/aws_mqtt_demo.dir/__/__/libraries/CMSIS-FreeRTOS/Source/queue.c.obj
 .text.prvIsQueueEmpty
                0x100085f2       0x1c examples/aws_mqtt_demo/CMakeFiles/aws_mqtt_demo.dir/__/__/libraries/CMSIS-FreeRTOS/Source/queue.c.obj
 .text.prvCopyDataToQueue
                0x1000860e       0x82 examples/aws_mqtt_demo/CMakeFiles/aws_mqtt_demo.dir/__/__/libraries/CMSIS-FreeRTOS/Source/queue.c.obj
 .text.prvCopyDataFromQueue
                0x10008690       0x24 examples/aws_mqtt_demo/CMakeFiles/aws_mqtt_demo.dir/__/__/libraries/CMSIS-FreeRTOS/Source/queue.c.obj
 .text.prvUnlockQueue
                0x100086b4       0x72 examples/aws_mqtt_demo/CMakeFiles/aws_mqtt_demo.dir/__/__/libraries/CMSIS-FreeRTOS/Source/queue.c.obj
 .text.xQueueGenericReset
                0x10008726       0xb8 examples/aws_mqtt_demo/CMakeFiles/aws_mqtt_demo.dir/__/__/libraries/CMSIS-FreeRTOS/Source/queue.c.obj
                0x10008726                xQueueGenericReset
 .text.prvInitialiseNewQueue
                0x100087de       0x22 examples/aws_mqtt_demo/CMakeFiles/aws_mqtt_demo.dir/__/__/libraries/CMSIS-FreeRTOS/Source/queue.c.obj
 .text.xQueueGenericCreateStatic
                0x10008800       0x44 examples/aws_mqtt_demo/CMakeFiles/aws_mqtt_demo.dir/__/__/libraries/CMSIS-FreeRTOS/Source/queue.c.obj
                0x10008800                xQueueGenericCreateStatic
 .text.xQueueGenericCreate
                0x10008844       0x84 examples/aws_mqtt_demo/CMakeFiles/aws_mqtt_demo.dir/__/__/libraries/CMSIS-FreeRTOS/Source/queue.c.obj
                0x10008844                xQueueGenericCreate
 .text.xQueueGetMutexHolder
                0x100088c8       0x1c examples/aws_mqtt_demo/CMakeFiles/aws_mqtt_demo.dir/__/__/libraries/CMSIS-FreeRTOS/Source/queue.c.obj
                0x100088c8                xQueueGetMutexHolder
 .text.xQueueCreateCountingSemaphoreStatic
                0x100088e4       0x2e examples/aws_mqtt_demo/CMakeFiles/aws_mqtt_demo.dir/__/__/libraries/CMSIS-FreeRTOS/Source/queue.c.obj
                0x100088e4                xQueueCreateCountingSemaphoreStatic
 .text.xQueueGenericSend
                0x10008912       0xf2 examples/aws_mqtt_demo/CMakeFiles/aws_mqtt_demo.dir/__/__/libraries/CMSIS-FreeRTOS/Source/queue.c.obj
                0x10008912                xQueueGenericSend
 .text.prvInitialiseMutex
                0x10008a04       0x18 examples/aws_mqtt_demo/CMakeFiles/aws_mqtt_demo.dir/__/__/libraries/CMSIS-FreeRTOS/Source/queue.c.obj
 .text.xQueueCreateMutex
                0x10008a1c       0x16 examples/aws_mqtt_demo/CMakeFiles/aws_mqtt_demo.dir/__/__/libraries/CMSIS-FreeRTOS/Source/queue.c.obj
                0x10008a1c                xQueueCreateMutex
 .text.xQueueCreateMutexStatic
                0x10008a32       0x1e examples/aws_mqtt_demo/CMakeFiles/aws_mqtt_demo.dir/__/__/libraries/CMSIS-FreeRTOS/Source/queue.c.obj
                0x10008a32                xQueueCreateMutexStatic
 .text.xQueueGiveMutexRecursive
                0x10008a50       0x2e examples/aws_mqtt_demo/CMakeFiles/aws_mqtt_demo.dir/__/__/libraries/CMSIS-FreeRTOS/Source/queue.c.obj
                0x10008a50                xQueueGiveMutexRecursive
 .text.xQueueGenericSendFromISR
                0x10008a7e       0x7a examples/aws_mqtt_demo/CMakeFiles/aws_mqtt_demo.dir/__/__/libraries/CMSIS-FreeRTOS/Source/queue.c.obj
                0x10008a7e                xQueueGenericSendFromISR
 .text.xQueueGiveFromISR
                0x10008af8       0x64 examples/aws_mqtt_demo/CMakeFiles/aws_mqtt_demo.dir/__/__/libraries/CMSIS-FreeRTOS/Source/queue.c.obj
                0x10008af8                xQueueGiveFromISR
 .text.xQueueReceive
                0x10008b5c       0xee examples/aws_mqtt_demo/CMakeFiles/aws_mqtt_demo.dir/__/__/libraries/CMSIS-FreeRTOS/Source/queue.c.obj
                0x10008b5c                xQueueReceive
 .text.xQueueSemaphoreTake
                0x10008c4a      0x128 examples/aws_mqtt_demo/CMakeFiles/aws_mqtt_demo.dir/__/__/libraries/CMSIS-FreeRTOS/Source/queue.c.obj
                0x10008c4a                xQueueSemaphoreTake
 .text.xQueueTakeMutexRecursive
                0x10008d72       0x2e examples/aws_mqtt_demo/CMakeFiles/aws_mqtt_demo.dir/__/__/libraries/CMSIS-FreeRTOS/Source/queue.c.obj
                0x10008d72                xQueueTakeMutexRecursive
 .text.xQueueReceiveFromISR
                0x10008da0       0x72 examples/aws_mqtt_demo/CMakeFiles/aws_mqtt_demo.dir/__/__/libraries/CMSIS-FreeRTOS/Source/queue.c.obj
                0x10008da0                xQueueReceiveFromISR
 .text.uxQueueMessagesWaiting
                0x10008e12       0x12 examples/aws_mqtt_demo/CMakeFiles/aws_mqtt_demo.dir/__/__/libraries/CMSIS-FreeRTOS/Source/queue.c.obj
                0x10008e12                uxQueueMessagesWaiting
 .text.uxQueueMessagesWaitingFromISR
                0x10008e24        0x4 examples/aws_mqtt_demo/CMakeFiles/aws_mqtt_demo.dir/__/__/libraries/CMSIS-FreeRTOS/Source/queue.c.obj
                0x10008e24                uxQueueMessagesWaitingFromISR
 .text.vQueueDelete
                0x10008e28       0x12 examples/aws_mqtt_demo/CMakeFiles/aws_mqtt_demo.dir/__/__/libraries/CMSIS-FreeRTOS/Source/queue.c.obj
                0x10008e28                vQueueDelete
 .text.vQueueWaitForMessageRestricted
                0x10008e3a       0x50 examples/aws_mqtt_demo/CMakeFiles/aws_mqtt_demo.dir/__/__/libraries/CMSIS-FreeRTOS/Source/queue.c.obj
                0x10008e3a                vQueueWaitForMessageRestricted
 *fill*         0x10008e8a        0x2 
 .text.prvResetNextTaskUnblockTime
                0x10008e8c       0x2c examples/aws_mqtt_demo/CMakeFiles/aws_mqtt_demo.dir/__/__/libraries/CMSIS-FreeRTOS/Source/tasks.c.obj
 .text.prvInitialiseNewTask
                0x10008eb8       0xb8 examples/aws_mqtt_demo/CMakeFiles/aws_mqtt_demo.dir/__/__/libraries/CMSIS-FreeRTOS/Source/tasks.c.obj
 .text.prvInitialiseTaskLists
                0x10008f70       0x68 examples/aws_mqtt_demo/CMakeFiles/aws_mqtt_demo.dir/__/__/libraries/CMSIS-FreeRTOS/Source/tasks.c.obj
 .text.prvAddNewTaskToReadyList
                0x10008fd8       0xc4 examples/aws_mqtt_demo/CMakeFiles/aws_mqtt_demo.dir/__/__/libraries/CMSIS-FreeRTOS/Source/tasks.c.obj
 .text.prvDeleteTCB
                0x1000909c       0x26 examples/aws_mqtt_demo/CMakeFiles/aws_mqtt_demo.dir/__/__/libraries/CMSIS-FreeRTOS/Source/tasks.c.obj
 *fill*         0x100090c2        0x2 
 .text.prvCheckTasksWaitingTermination
                0x100090c4       0x44 examples/aws_mqtt_demo/CMakeFiles/aws_mqtt_demo.dir/__/__/libraries/CMSIS-FreeRTOS/Source/tasks.c.obj
 .text.prvIdleTask
                0x10009108       0x18 examples/aws_mqtt_demo/CMakeFiles/aws_mqtt_demo.dir/__/__/libraries/CMSIS-FreeRTOS/Source/tasks.c.obj
 .text.prvAddCurrentTaskToDelayedList
                0x10009120       0x94 examples/aws_mqtt_demo/CMakeFiles/aws_mqtt_demo.dir/__/__/libraries/CMSIS-FreeRTOS/Source/tasks.c.obj
 .text.xTaskCreateStatic
                0x100091b4       0x3c examples/aws_mqtt_demo/CMakeFiles/aws_mqtt_demo.dir/__/__/libraries/CMSIS-FreeRTOS/Source/tasks.c.obj
                0x100091b4                xTaskCreateStatic
 .text.xTaskCreate
                0x100091f0       0x64 examples/aws_mqtt_demo/CMakeFiles/aws_mqtt_demo.dir/__/__/libraries/CMSIS-FreeRTOS/Source/tasks.c.obj
                0x100091f0                xTaskCreate
 .text.vTaskDelete
                0x10009254       0x98 examples/aws_mqtt_demo/CMakeFiles/aws_mqtt_demo.dir/__/__/libraries/CMSIS-FreeRTOS/Source/tasks.c.obj
                0x10009254                vTaskDelete
 .text.eTaskGetState
                0x100092ec       0x88 examples/aws_mqtt_demo/CMakeFiles/aws_mqtt_demo.dir/__/__/libraries/CMSIS-FreeRTOS/Source/tasks.c.obj
                0x100092ec                eTaskGetState
 .text.vTaskStartScheduler
                0x10009374       0x80 examples/aws_mqtt_demo/CMakeFiles/aws_mqtt_demo.dir/__/__/libraries/CMSIS-FreeRTOS/Source/tasks.c.obj
                0x10009374                vTaskStartScheduler
 .text.vTaskSuspendAll
                0x100093f4       0x10 examples/aws_mqtt_demo/CMakeFiles/aws_mqtt_demo.dir/__/__/libraries/CMSIS-FreeRTOS/Source/tasks.c.obj
                0x100093f4                vTaskSuspendAll
 .text.xTaskGetTickCount
                0x10009404        0xc examples/aws_mqtt_demo/CMakeFiles/aws_mqtt_demo.dir/__/__/libraries/CMSIS-FreeRTOS/Source/tasks.c.obj
                0x10009404                xTaskGetTickCount
 .text.xTaskIncrementTick
                0x10009410      0x158 examples/aws_mqtt_demo/CMakeFiles/aws_mqtt_demo.dir/__/__/libraries/CMSIS-FreeRTOS/Source/tasks.c.obj
                0x10009410                xTaskIncrementTick
 .text.xTaskResumeAll
                0x10009568      0x134 examples/aws_mqtt_demo/CMakeFiles/aws_mqtt_demo.dir/__/__/libraries/CMSIS-FreeRTOS/Source/tasks.c.obj
                0x10009568                xTaskResumeAll
 .text.vTaskDelay
                0x1000969c       0x20 examples/aws_mqtt_demo/CMakeFiles/aws_mqtt_demo.dir/__/__/libraries/CMSIS-FreeRTOS/Source/tasks.c.obj
                0x1000969c                vTaskDelay
 .text.vTaskSwitchContext
                0x100096bc       0xb4 examples/aws_mqtt_demo/CMakeFiles/aws_mqtt_demo.dir/__/__/libraries/CMSIS-FreeRTOS/Source/tasks.c.obj
                0x100096bc                vTaskSwitchContext
 .text.vTaskPlaceOnEventList
                0x10009770       0x1c examples/aws_mqtt_demo/CMakeFiles/aws_mqtt_demo.dir/__/__/libraries/CMSIS-FreeRTOS/Source/tasks.c.obj
                0x10009770                vTaskPlaceOnEventList
 .text.vTaskPlaceOnUnorderedEventList
                0x1000978c       0x40 examples/aws_mqtt_demo/CMakeFiles/aws_mqtt_demo.dir/__/__/libraries/CMSIS-FreeRTOS/Source/tasks.c.obj
                0x1000978c                vTaskPlaceOnUnorderedEventList
 .text.vTaskPlaceOnEventListRestricted
                0x100097cc       0x40 examples/aws_mqtt_demo/CMakeFiles/aws_mqtt_demo.dir/__/__/libraries/CMSIS-FreeRTOS/Source/tasks.c.obj
                0x100097cc                vTaskPlaceOnEventListRestricted
 .text.xTaskRemoveFromEventList
                0x1000980c       0xe0 examples/aws_mqtt_demo/CMakeFiles/aws_mqtt_demo.dir/__/__/libraries/CMSIS-FreeRTOS/Source/tasks.c.obj
                0x1000980c                xTaskRemoveFromEventList
 .text.vTaskRemoveFromUnorderedEventList
                0x100098ec       0xb8 examples/aws_mqtt_demo/CMakeFiles/aws_mqtt_demo.dir/__/__/libraries/CMSIS-FreeRTOS/Source/tasks.c.obj
                0x100098ec                vTaskRemoveFromUnorderedEventList
 .text.vTaskInternalSetTimeOutState
                0x100099a4       0x18 examples/aws_mqtt_demo/CMakeFiles/aws_mqtt_demo.dir/__/__/libraries/CMSIS-FreeRTOS/Source/tasks.c.obj
                0x100099a4                vTaskInternalSetTimeOutState
 .text.xTaskCheckForTimeOut
                0x100099bc       0x5c examples/aws_mqtt_demo/CMakeFiles/aws_mqtt_demo.dir/__/__/libraries/CMSIS-FreeRTOS/Source/tasks.c.obj
                0x100099bc                xTaskCheckForTimeOut
 .text.vTaskMissedYield
                0x10009a18        0xc examples/aws_mqtt_demo/CMakeFiles/aws_mqtt_demo.dir/__/__/libraries/CMSIS-FreeRTOS/Source/tasks.c.obj
                0x10009a18                vTaskMissedYield
 .text.xTaskGetCurrentTaskHandle
                0x10009a24        0xc examples/aws_mqtt_demo/CMakeFiles/aws_mqtt_demo.dir/__/__/libraries/CMSIS-FreeRTOS/Source/tasks.c.obj
                0x10009a24                xTaskGetCurrentTaskHandle
 .text.xTaskGetSchedulerState
                0x10009a30       0x24 examples/aws_mqtt_demo/CMakeFiles/aws_mqtt_demo.dir/__/__/libraries/CMSIS-FreeRTOS/Source/tasks.c.obj
                0x10009a30                xTaskGetSchedulerState
 .text.xTaskPriorityInherit
                0x10009a54       0xb4 examples/aws_mqtt_demo/CMakeFiles/aws_mqtt_demo.dir/__/__/libraries/CMSIS-FreeRTOS/Source/tasks.c.obj
                0x10009a54                xTaskPriorityInherit
 .text.xTaskPriorityDisinherit
                0x10009b08       0x80 examples/aws_mqtt_demo/CMakeFiles/aws_mqtt_demo.dir/__/__/libraries/CMSIS-FreeRTOS/Source/tasks.c.obj
                0x10009b08                xTaskPriorityDisinherit
 .text.vTaskPriorityDisinheritAfterTimeout
                0x10009b88       0x8c examples/aws_mqtt_demo/CMakeFiles/aws_mqtt_demo.dir/__/__/libraries/CMSIS-FreeRTOS/Source/tasks.c.obj
                0x10009b88                vTaskPriorityDisinheritAfterTimeout
 .text.uxTaskResetEventItemValue
                0x10009c14       0x18 examples/aws_mqtt_demo/CMakeFiles/aws_mqtt_demo.dir/__/__/libraries/CMSIS-FreeRTOS/Source/tasks.c.obj
                0x10009c14                uxTaskResetEventItemValue
 .text.pvTaskIncrementMutexHeldCount
                0x10009c2c       0x1c examples/aws_mqtt_demo/CMakeFiles/aws_mqtt_demo.dir/__/__/libraries/CMSIS-FreeRTOS/Source/tasks.c.obj
                0x10009c2c                pvTaskIncrementMutexHeldCount
 .text.xTaskGenericNotifyWait
                0x10009c48       0xa8 examples/aws_mqtt_demo/CMakeFiles/aws_mqtt_demo.dir/__/__/libraries/CMSIS-FreeRTOS/Source/tasks.c.obj
                0x10009c48                xTaskGenericNotifyWait
 .text.xTaskGenericNotify
                0x10009cf0      0x114 examples/aws_mqtt_demo/CMakeFiles/aws_mqtt_demo.dir/__/__/libraries/CMSIS-FreeRTOS/Source/tasks.c.obj
                0x10009cf0                xTaskGenericNotify
 .text.xTaskGenericNotifyFromISR
                0x10009e04      0x154 examples/aws_mqtt_demo/CMakeFiles/aws_mqtt_demo.dir/__/__/libraries/CMSIS-FreeRTOS/Source/tasks.c.obj
                0x10009e04                xTaskGenericNotifyFromISR
 .text.prvGetNextExpireTime
                0x10009f58       0x24 examples/aws_mqtt_demo/CMakeFiles/aws_mqtt_demo.dir/__/__/libraries/CMSIS-FreeRTOS/Source/timers.c.obj
 .text.prvInsertTimerInActiveList
                0x10009f7c       0x48 examples/aws_mqtt_demo/CMakeFiles/aws_mqtt_demo.dir/__/__/libraries/CMSIS-FreeRTOS/Source/timers.c.obj
 .text.prvReloadTimer
                0x10009fc4       0x2a examples/aws_mqtt_demo/CMakeFiles/aws_mqtt_demo.dir/__/__/libraries/CMSIS-FreeRTOS/Source/timers.c.obj
 *fill*         0x10009fee        0x2 
 .text.prvProcessExpiredTimer
                0x10009ff0       0x3c examples/aws_mqtt_demo/CMakeFiles/aws_mqtt_demo.dir/__/__/libraries/CMSIS-FreeRTOS/Source/timers.c.obj
 .text.prvSwitchTimerLists
                0x1000a02c       0x30 examples/aws_mqtt_demo/CMakeFiles/aws_mqtt_demo.dir/__/__/libraries/CMSIS-FreeRTOS/Source/timers.c.obj
 .text.prvSampleTimeNow
                0x1000a05c       0x2c examples/aws_mqtt_demo/CMakeFiles/aws_mqtt_demo.dir/__/__/libraries/CMSIS-FreeRTOS/Source/timers.c.obj
 .text.prvProcessTimerOrBlockTask
                0x1000a088       0x70 examples/aws_mqtt_demo/CMakeFiles/aws_mqtt_demo.dir/__/__/libraries/CMSIS-FreeRTOS/Source/timers.c.obj
 .text.prvProcessReceivedCommands
                0x1000a0f8       0xe8 examples/aws_mqtt_demo/CMakeFiles/aws_mqtt_demo.dir/__/__/libraries/CMSIS-FreeRTOS/Source/timers.c.obj
 .text.prvTimerTask